Archive member included to satisfy reference by file (symbol)

c:/progra~1/raspbe~1/picosd~1.1/gcc-ar~1/bin/../lib/gcc/arm-none-eabi/10.3.1/../../../../arm-none-eabi/lib/thumb/v6-m/nofp\libm.a(lib_a-s_fmin.o)
                              CMakeFiles/SUPERGAMEPAD_RP2040.dir/lib/hoja-lib-rp2040/src/input/stick_scaling.c.obj (fmin)
c:/progra~1/raspbe~1/picosd~1.1/gcc-ar~1/bin/../lib/gcc/arm-none-eabi/10.3.1/../../../../arm-none-eabi/lib/thumb/v6-m/nofp\libm.a(lib_a-s_fpclassify.o)
                              c:/progra~1/raspbe~1/picosd~1.1/gcc-ar~1/bin/../lib/gcc/arm-none-eabi/10.3.1/../../../../arm-none-eabi/lib/thumb/v6-m/nofp\libm.a(lib_a-s_fmin.o) (__fpclassifyd)
c:/progra~1/raspbe~1/picosd~1.1/gcc-ar~1/bin/../lib/gcc/arm-none-eabi/10.3.1/thumb/v6-m/nofp\libgcc.a(_dvmd_tls.o)
                              CMakeFiles/SUPERGAMEPAD_RP2040.dir/C_/Program_Files/Raspberry_Pi/Pico_SDK_v1.5.1/pico-sdk/src/rp2_common/pico_divider/divider.S.obj (__aeabi_idiv0)
c:/progra~1/raspbe~1/picosd~1.1/gcc-ar~1/bin/../lib/gcc/arm-none-eabi/10.3.1/../../../../arm-none-eabi/lib/thumb/v6-m/nofp\libg.a(lib_a-calloc.o)
                              CMakeFiles/SUPERGAMEPAD_RP2040.dir/C_/Program_Files/Raspberry_Pi/Pico_SDK_v1.5.1/pico-sdk/src/rp2_common/pico_malloc/pico_malloc.c.obj (calloc)
c:/progra~1/raspbe~1/picosd~1.1/gcc-ar~1/bin/../lib/gcc/arm-none-eabi/10.3.1/../../../../arm-none-eabi/lib/thumb/v6-m/nofp\libg.a(lib_a-callocr.o)
                              c:/progra~1/raspbe~1/picosd~1.1/gcc-ar~1/bin/../lib/gcc/arm-none-eabi/10.3.1/../../../../arm-none-eabi/lib/thumb/v6-m/nofp\libg.a(lib_a-calloc.o) (_calloc_r)
c:/progra~1/raspbe~1/picosd~1.1/gcc-ar~1/bin/../lib/gcc/arm-none-eabi/10.3.1/../../../../arm-none-eabi/lib/thumb/v6-m/nofp\libg.a(lib_a-errno.o)
                              c:/progra~1/raspbe~1/picosd~1.1/gcc-ar~1/bin/../lib/gcc/arm-none-eabi/10.3.1/../../../../arm-none-eabi/lib/thumb/v6-m/nofp\libg.a(lib_a-callocr.o) (__errno)
c:/progra~1/raspbe~1/picosd~1.1/gcc-ar~1/bin/../lib/gcc/arm-none-eabi/10.3.1/../../../../arm-none-eabi/lib/thumb/v6-m/nofp\libg.a(lib_a-impure.o)
                              c:/progra~1/raspbe~1/picosd~1.1/gcc-ar~1/bin/../lib/gcc/arm-none-eabi/10.3.1/../../../../arm-none-eabi/lib/thumb/v6-m/nofp\libg.a(lib_a-calloc.o) (_impure_ptr)
c:/progra~1/raspbe~1/picosd~1.1/gcc-ar~1/bin/../lib/gcc/arm-none-eabi/10.3.1/../../../../arm-none-eabi/lib/thumb/v6-m/nofp\libg.a(lib_a-init.o)
                              c:/progra~1/raspbe~1/picosd~1.1/gcc-ar~1/bin/../lib/gcc/arm-none-eabi/10.3.1/../../../../arm-none-eabi/lib/thumb/v6-m/nofp/crt0.o (__libc_init_array)
c:/progra~1/raspbe~1/picosd~1.1/gcc-ar~1/bin/../lib/gcc/arm-none-eabi/10.3.1/../../../../arm-none-eabi/lib/thumb/v6-m/nofp\libg.a(lib_a-malloc.o)
                              CMakeFiles/SUPERGAMEPAD_RP2040.dir/C_/Program_Files/Raspberry_Pi/Pico_SDK_v1.5.1/pico-sdk/src/rp2_common/pico_malloc/pico_malloc.c.obj (malloc)
c:/progra~1/raspbe~1/picosd~1.1/gcc-ar~1/bin/../lib/gcc/arm-none-eabi/10.3.1/../../../../arm-none-eabi/lib/thumb/v6-m/nofp\libg.a(lib_a-mallocr.o)
                              c:/progra~1/raspbe~1/picosd~1.1/gcc-ar~1/bin/../lib/gcc/arm-none-eabi/10.3.1/../../../../arm-none-eabi/lib/thumb/v6-m/nofp\libg.a(lib_a-callocr.o) (_malloc_r)
c:/progra~1/raspbe~1/picosd~1.1/gcc-ar~1/bin/../lib/gcc/arm-none-eabi/10.3.1/../../../../arm-none-eabi/lib/thumb/v6-m/nofp\libg.a(lib_a-mlock.o)
                              c:/progra~1/raspbe~1/picosd~1.1/gcc-ar~1/bin/../lib/gcc/arm-none-eabi/10.3.1/../../../../arm-none-eabi/lib/thumb/v6-m/nofp\libg.a(lib_a-mallocr.o) (__malloc_lock)
c:/progra~1/raspbe~1/picosd~1.1/gcc-ar~1/bin/../lib/gcc/arm-none-eabi/10.3.1/../../../../arm-none-eabi/lib/thumb/v6-m/nofp\libg.a(lib_a-realloc.o)
                              CMakeFiles/SUPERGAMEPAD_RP2040.dir/C_/Program_Files/Raspberry_Pi/Pico_SDK_v1.5.1/pico-sdk/src/rp2_common/pico_malloc/pico_malloc.c.obj (realloc)
c:/progra~1/raspbe~1/picosd~1.1/gcc-ar~1/bin/../lib/gcc/arm-none-eabi/10.3.1/../../../../arm-none-eabi/lib/thumb/v6-m/nofp\libg.a(lib_a-reallocr.o)
                              c:/progra~1/raspbe~1/picosd~1.1/gcc-ar~1/bin/../lib/gcc/arm-none-eabi/10.3.1/../../../../arm-none-eabi/lib/thumb/v6-m/nofp\libg.a(lib_a-realloc.o) (_realloc_r)
c:/progra~1/raspbe~1/picosd~1.1/gcc-ar~1/bin/../lib/gcc/arm-none-eabi/10.3.1/../../../../arm-none-eabi/lib/thumb/v6-m/nofp\libg.a(lib_a-sbrkr.o)
                              c:/progra~1/raspbe~1/picosd~1.1/gcc-ar~1/bin/../lib/gcc/arm-none-eabi/10.3.1/../../../../arm-none-eabi/lib/thumb/v6-m/nofp\libg.a(lib_a-mallocr.o) (_sbrk_r)
c:/progra~1/raspbe~1/picosd~1.1/gcc-ar~1/bin/../lib/gcc/arm-none-eabi/10.3.1/../../../../arm-none-eabi/lib/thumb/v6-m/nofp\libg.a(lib_a-strlen-stub.o)
                              CMakeFiles/SUPERGAMEPAD_RP2040.dir/lib/hoja-lib-rp2040/src/usb/hoja_usb.c.obj (strlen)
[...]
Memory Configuration

Name             Origin             Length             Attributes
FLASH            0x10000000         0x00200000         xr
RAM              0x20000000         0x00040000         xrw
SCRATCH_X        0x20040000         0x00001000         xrw
SCRATCH_Y        0x20041000         0x00001000         xrw
*default*        0x00000000         0xffffffff

Linker script and memory map

LOAD c:/progra~1/raspbe~1/picosd~1.1/gcc-ar~1/bin/../lib/gcc/arm-none-eabi/10.3.1/thumb/v6-m/nofp/crti.o
LOAD c:/progra~1/raspbe~1/picosd~1.1/gcc-ar~1/bin/../lib/gcc/arm-none-eabi/10.3.1/thumb/v6-m/nofp/crtbegin.o
LOAD c:/progra~1/raspbe~1/picosd~1.1/gcc-ar~1/bin/../lib/gcc/arm-none-eabi/10.3.1/../../../../arm-none-eabi/lib/thumb/v6-m/nofp/crt0.o

.flash_begin    0x10000000        0x0
                0x10000000                __flash_binary_start = .

.boot2          0x10000000      0x100
                0x10000000                __boot2_start__ = .
 *(.boot2)
 .boot2         0x10000000      0x100 C:\Users\Mitch\AppData\Local\Temp\ccWNMzpz.o
                0x10000100                __boot2_end__ = .
                0x00000001                ASSERT (((__boot2_end__ - __boot2_start__) == 0x100), ERROR: Pico second stage bootloader must be 256 bytes in size)

.text           0x10000100     0xf820
                0x10000100                __logical_binary_start = .
 *(.vectors)
 .vectors       0x10000100       0xd4 CMakeFiles/SUPERGAMEPAD_RP2040.dir/C_/Program_Files/Raspberry_Pi/Pico_SDK_v1.5.1/pico-sdk/src/rp2_common/pico_standard_link/crt0.S.obj
                0x10000100                __VECTOR_TABLE
                0x10000100                __vectors
                0x100001c0                isr_invalid
                0x100001c0                __default_isrs_start
                0x100001c2                isr_nmi
                0x100001c4                isr_hardfault
                0x100001c6                isr_svcall
                0x100001c8                isr_pendsv
                0x100001ca                isr_systick
                0x100001cc                isr_irq23
                0x100001cc                isr_irq18
                0x100001cc                isr_irq11
                0x100001cc                isr_irq28
                0x100001cc                isr_irq19
                0x100001cc                isr_irq0
                0x100001cc                isr_irq6
                0x100001cc                isr_irq5
                0x100001cc                isr_irq12
                0x100001cc                isr_irq22
                0x100001cc                isr_irq31
                0x100001cc                isr_irq17
                0x100001cc                isr_irq27
                0x100001cc                isr_irq30
                0x100001cc                isr_irq2
                0x100001cc                isr_irq10
                0x100001cc                isr_irq8
                0x100001cc                isr_irq24
                0x100001cc                isr_irq1
                0x100001cc                isr_irq7
                0x100001cc                isr_irq21
                0x100001cc                isr_irq20
                0x100001cc                isr_irq15
                0x100001cc                isr_irq25
                0x100001cc                isr_irq13
                0x100001cc                __unhandled_user_irq
                0x100001cc                isr_irq4
                0x100001cc                isr_irq16
                0x100001cc                isr_irq29
                0x100001cc                isr_irq26
                0x100001cc                __default_isrs_end
                0x100001cc                isr_irq3
                0x100001cc                isr_irq14
                0x100001cc                isr_irq9
                0x100001d2                unhandled_user_irq_num_in_r0
 *(.binary_info_header)
 .binary_info_header
                0x100001d4       0x14 CMakeFiles/SUPERGAMEPAD_RP2040.dir/C_/Program_Files/Raspberry_Pi/Pico_SDK_v1.5.1/pico-sdk/src/rp2_common/pico_standard_link/crt0.S.obj
                0x100001e8                __binary_info_header_end = .
 *(.reset)
 .reset         0x100001e8       0xa0 CMakeFiles/SUPERGAMEPAD_RP2040.dir/C_/Program_Files/Raspberry_Pi/Pico_SDK_v1.5.1/pico-sdk/src/rp2_common/pico_standard_link/crt0.S.obj
                0x100001e8                _entry_point
 .reset         0x10000288       0x30 CMakeFiles/SUPERGAMEPAD_RP2040.dir/C_/Program_Files/Raspberry_Pi/Pico_SDK_v1.5.1/pico-sdk/src/rp2_common/pico_standard_link/binary_info.c.obj
 *(.init)
 .init          0x100002b8        0x4 c:/progra~1/raspbe~1/picosd~1.1/gcc-ar~1/bin/../lib/gcc/arm-none-eabi/10.3.1/thumb/v6-m/nofp/crti.o
                0x100002b8                _init
 *(EXCLUDE_FILE(*libm.a: *libc.a:*lib_a-mem*.o *libgcc.a:) .text*)
 .text          0x100002bc       0x48 c:/progra~1/raspbe~1/picosd~1.1/gcc-ar~1/bin/../lib/gcc/arm-none-eabi/10.3.1/thumb/v6-m/nofp/crtbegin.o
 .text._gpio_put_od
                0x10000304       0x32 CMakeFiles/SUPERGAMEPAD_RP2040.dir/src/main.c.obj
                0x10000304                _gpio_put_od
 *fill*         0x10000336        0x2 
 .text.cb_hoja_baseband_update_loop
                0x10000338       0x64 CMakeFiles/SUPERGAMEPAD_RP2040.dir/src/main.c.obj
                0x10000338                cb_hoja_baseband_update_loop
 .text.cb_hoja_set_uart_enabled
                0x1000039c       0x3e CMakeFiles/SUPERGAMEPAD_RP2040.dir/src/main.c.obj
                0x1000039c                cb_hoja_set_uart_enabled
 .text.cb_hoja_set_bluetooth_enabled
                0x100003da       0x1a CMakeFiles/SUPERGAMEPAD_RP2040.dir/src/main.c.obj
                0x100003da                cb_hoja_set_bluetooth_enabled
 .text.cb_hoja_hardware_setup
                0x100003f4       0x34 CMakeFiles/SUPERGAMEPAD_RP2040.dir/src/main.c.obj
                0x100003f4                cb_hoja_hardware_setup
 .text.cb_hoja_read_buttons
                0x10000428      0x1ee CMakeFiles/SUPERGAMEPAD_RP2040.dir/src/main.c.obj
                0x10000428                cb_hoja_read_buttons
 .text.cb_hoja_read_analog
                0x10000616        0xe CMakeFiles/SUPERGAMEPAD_RP2040.dir/src/main.c.obj
                0x10000616                cb_hoja_read_analog
 .text.cb_hoja_task_1_hook
                0x10000624        0x2 CMakeFiles/SUPERGAMEPAD_RP2040.dir/src/main.c.obj
                0x10000624                cb_hoja_task_1_hook
 *fill*         0x10000626        0x2 
 .text.main     0x10000628       0xa0 CMakeFiles/SUPERGAMEPAD_RP2040.dir/src/main.c.obj
                0x10000628                main
 .text._hwtest_rgb
                0x100006c8        0x4 CMakeFiles/SUPERGAMEPAD_RP2040.dir/src/app_hwtest.c.obj
                0x100006c8                _hwtest_rgb
 .text.cb_hoja_hardware_test
                0x100006cc       0x5e CMakeFiles/SUPERGAMEPAD_RP2040.dir/src/app_hwtest.c.obj
                0x100006cc                cb_hoja_hardware_test
 .text.cb_hoja_read_imu
                0x1000072a        0x2 CMakeFiles/SUPERGAMEPAD_RP2040.dir/lib/hoja-lib-rp2040/src/hoja.c.obj
                0x1000072a                cb_hoja_read_imu
 .text.cb_hoja_rumble_init
                0x1000072c        0x2 CMakeFiles/SUPERGAMEPAD_RP2040.dir/lib/hoja-lib-rp2040/src/hoja.c.obj
                0x1000072c                cb_hoja_rumble_init
 .text.cb_hoja_rumble_set
                0x1000072e        0x2 CMakeFiles/SUPERGAMEPAD_RP2040.dir/lib/hoja-lib-rp2040/src/hoja.c.obj
                0x1000072e                cb_hoja_rumble_set
 .text.hoja_rumble_set
                0x10000730       0x18 CMakeFiles/SUPERGAMEPAD_RP2040.dir/lib/hoja-lib-rp2040/src/hoja.c.obj
                0x10000730                hoja_rumble_set
 .text.cb_hoja_rumble_test
                0x10000748        0x2 CMakeFiles/SUPERGAMEPAD_RP2040.dir/lib/hoja-lib-rp2040/src/hoja.c.obj
                0x10000748                cb_hoja_rumble_test
 *fill*         0x1000074a        0x2 
 .text._hoja_task_1
                0x1000074c       0x48 CMakeFiles/SUPERGAMEPAD_RP2040.dir/lib/hoja-lib-rp2040/src/hoja.c.obj
                0x1000074c                _hoja_task_1
 .text.cb_hoja_task_0_hook
                0x10000794        0x2 CMakeFiles/SUPERGAMEPAD_RP2040.dir/lib/hoja-lib-rp2040/src/hoja.c.obj
                0x10000794                cb_hoja_task_0_hook
 *fill*         0x10000796        0x2 
 .text.hoja_get_input_method
                0x10000798        0xc CMakeFiles/SUPERGAMEPAD_RP2040.dir/lib/hoja-lib-rp2040/src/hoja.c.obj
                0x10000798                hoja_get_input_method
 .text.hoja_shutdown_instant
                0x100007a4       0x1a CMakeFiles/SUPERGAMEPAD_RP2040.dir/lib/hoja-lib-rp2040/src/hoja.c.obj
                0x100007a4                hoja_shutdown_instant
 *fill*         0x100007be        0x2 
 .text._hoja_task_0
                0x100007c0       0xf8 CMakeFiles/SUPERGAMEPAD_RP2040.dir/lib/hoja-lib-rp2040/src/hoja.c.obj
                0x100007c0                _hoja_task_0
 .text.hoja_init
                0x100008b8      0x1e8 CMakeFiles/SUPERGAMEPAD_RP2040.dir/lib/hoja-lib-rp2040/src/hoja.c.obj
                0x100008b8                hoja_init
 .text.hoja_setup_gpio_scan
                0x10000aa0       0x20 CMakeFiles/SUPERGAMEPAD_RP2040.dir/lib/hoja-lib-rp2040/src/hoja.c.obj
                0x10000aa0                hoja_setup_gpio_scan
 .text.hoja_setup_gpio_push
                0x10000ac0       0x1e CMakeFiles/SUPERGAMEPAD_RP2040.dir/lib/hoja-lib-rp2040/src/hoja.c.obj
                0x10000ac0                hoja_setup_gpio_push
 .text.hoja_setup_gpio_button
                0x10000ade       0x1e CMakeFiles/SUPERGAMEPAD_RP2040.dir/lib/hoja-lib-rp2040/src/hoja.c.obj
                0x10000ade                hoja_setup_gpio_button
 .text._settings_validate
                0x10000afc       0x2c CMakeFiles/SUPERGAMEPAD_RP2040.dir/lib/hoja-lib-rp2040/src/hoja_settings.c.obj
                0x10000afc                _settings_validate
 .text._settings_migrate
                0x10000b28      0x1b4 CMakeFiles/SUPERGAMEPAD_RP2040.dir/lib/hoja-lib-rp2040/src/hoja_settings.c.obj
                0x10000b28                _settings_migrate
 .text._settings_get_config_version
                0x10000cdc       0x24 CMakeFiles/SUPERGAMEPAD_RP2040.dir/lib/hoja-lib-rp2040/src/hoja_settings.c.obj
                0x10000cdc                _settings_get_config_version
 .text._generate_mac
                0x10000d00       0x58 CMakeFiles/SUPERGAMEPAD_RP2040.dir/lib/hoja-lib-rp2040/src/hoja_settings.c.obj
                0x10000d00                _generate_mac
 .text._settings_init_default
                0x10000d58      0x20c CMakeFiles/SUPERGAMEPAD_RP2040.dir/lib/hoja-lib-rp2040/src/hoja_settings.c.obj
                0x10000d58                _settings_init_default
 .text.settings_get_bank
                0x10000f64        0xc CMakeFiles/SUPERGAMEPAD_RP2040.dir/lib/hoja-lib-rp2040/src/hoja_settings.c.obj
                0x10000f64                settings_get_bank
 .text.settings_core1_save_check
                0x10000f70       0xa0 CMakeFiles/SUPERGAMEPAD_RP2040.dir/lib/hoja-lib-rp2040/src/hoja_settings.c.obj
                0x10000f70                settings_core1_save_check
 .text.settings_save_webindicate
                0x10001010        0xc CMakeFiles/SUPERGAMEPAD_RP2040.dir/lib/hoja-lib-rp2040/src/hoja_settings.c.obj
                0x10001010                settings_save_webindicate
 .text.settings_save
                0x1000101c        0xc CMakeFiles/SUPERGAMEPAD_RP2040.dir/lib/hoja-lib-rp2040/src/hoja_settings.c.obj
                0x1000101c                settings_save
 .text.settings_load
                0x10001028       0xf8 CMakeFiles/SUPERGAMEPAD_RP2040.dir/lib/hoja-lib-rp2040/src/hoja_settings.c.obj
                0x10001028                settings_load
 .text.settings_set_rumble
                0x10001120       0x1c CMakeFiles/SUPERGAMEPAD_RP2040.dir/lib/hoja-lib-rp2040/src/hoja_settings.c.obj
                0x10001120                settings_set_rumble
 .text.settings_set_deadzone
                0x1000113c       0x44 CMakeFiles/SUPERGAMEPAD_RP2040.dir/lib/hoja-lib-rp2040/src/hoja_settings.c.obj
                0x1000113c                settings_set_deadzone
 .text.settings_set_centers
                0x10001180       0x44 CMakeFiles/SUPERGAMEPAD_RP2040.dir/lib/hoja-lib-rp2040/src/hoja_settings.c.obj
                0x10001180                settings_set_centers
 .text.settings_set_mode
                0x100011c4       0x10 CMakeFiles/SUPERGAMEPAD_RP2040.dir/lib/hoja-lib-rp2040/src/hoja_settings.c.obj
                0x100011c4                settings_set_mode
 .text.hoja_comms_task
                0x100011d4       0x14 CMakeFiles/SUPERGAMEPAD_RP2040.dir/lib/hoja-lib-rp2040/src/hoja_comms.c.obj
                0x100011d4                hoja_comms_task
 .text.hoja_comms_current_mode
                0x100011e8        0xc CMakeFiles/SUPERGAMEPAD_RP2040.dir/lib/hoja-lib-rp2040/src/hoja_comms.c.obj
                0x100011e8                hoja_comms_current_mode
 .text.hoja_comms_init
                0x100011f4       0xb0 CMakeFiles/SUPERGAMEPAD_RP2040.dir/lib/hoja-lib-rp2040/src/hoja_comms.c.obj
                0x100011f4                hoja_comms_init
 .text.ws2812_program_init
                0x100012a4      0x154 CMakeFiles/SUPERGAMEPAD_RP2040.dir/lib/hoja-lib-rp2040/src/utilities/rgb.c.obj
 .text._rgb_set_dirty
                0x100013f8        0xc CMakeFiles/SUPERGAMEPAD_RP2040.dir/lib/hoja-lib-rp2040/src/utilities/rgb.c.obj
                0x100013f8                _rgb_set_dirty
 .text._rgbanim_cycleoffset_do
                0x10001404       0xbc CMakeFiles/SUPERGAMEPAD_RP2040.dir/lib/hoja-lib-rp2040/src/utilities/rgb.c.obj
                0x10001404                _rgbanim_cycleoffset_do
 .text.rgb_set_override
                0x100014c0       0x1c CMakeFiles/SUPERGAMEPAD_RP2040.dir/lib/hoja-lib-rp2040/src/utilities/rgb.c.obj
                0x100014c0                rgb_set_override
 .text._rgb_convert_hue_saturation
                0x100014dc       0x84 CMakeFiles/SUPERGAMEPAD_RP2040.dir/lib/hoja-lib-rp2040/src/utilities/rgb.c.obj
                0x100014dc                _rgb_convert_hue_saturation
 .text._rgb_set_color_brightness
                0x10001560       0xa4 CMakeFiles/SUPERGAMEPAD_RP2040.dir/lib/hoja-lib-rp2040/src/utilities/rgb.c.obj
                0x10001560                _rgb_set_color_brightness
 .text._rgb_normalize_output_power
                0x10001604       0x88 CMakeFiles/SUPERGAMEPAD_RP2040.dir/lib/hoja-lib-rp2040/src/utilities/rgb.c.obj
                0x10001604                _rgb_normalize_output_power
 .text._rgbanim_rainbowoffset_do
                0x1000168c       0x8c CMakeFiles/SUPERGAMEPAD_RP2040.dir/lib/hoja-lib-rp2040/src/utilities/rgb.c.obj
                0x1000168c                _rgbanim_rainbowoffset_do
 .text._rgb_update_all
                0x10001718       0x28 CMakeFiles/SUPERGAMEPAD_RP2040.dir/lib/hoja-lib-rp2040/src/utilities/rgb.c.obj
                0x10001718                _rgb_update_all
 .text._rgb_blend
                0x10001740       0xb2 CMakeFiles/SUPERGAMEPAD_RP2040.dir/lib/hoja-lib-rp2040/src/utilities/rgb.c.obj
                0x10001740                _rgb_blend
 *fill*         0x100017f2        0x2 
 .text.rgb_set_player
                0x100017f4       0x1c CMakeFiles/SUPERGAMEPAD_RP2040.dir/lib/hoja-lib-rp2040/src/utilities/rgb.c.obj
                0x100017f4                rgb_set_player
 .text._rgb_animate_step
                0x10001810       0xd4 CMakeFiles/SUPERGAMEPAD_RP2040.dir/lib/hoja-lib-rp2040/src/utilities/rgb.c.obj
                0x10001810                _rgb_animate_step
 .text._rgb_set_sequential
                0x100018e4       0x32 CMakeFiles/SUPERGAMEPAD_RP2040.dir/lib/hoja-lib-rp2040/src/utilities/rgb.c.obj
                0x100018e4                _rgb_set_sequential
 *fill*         0x10001916        0x2 
 .text._rgb_set_brightness
                0x10001918       0x14 CMakeFiles/SUPERGAMEPAD_RP2040.dir/lib/hoja-lib-rp2040/src/utilities/rgb.c.obj
                0x10001918                _rgb_set_brightness
 .text._rgb_set_all
                0x1000192c       0x30 CMakeFiles/SUPERGAMEPAD_RP2040.dir/lib/hoja-lib-rp2040/src/utilities/rgb.c.obj
                0x1000192c                _rgb_set_all
 .text._rgbanim_rainbow_do
                0x1000195c       0x34 CMakeFiles/SUPERGAMEPAD_RP2040.dir/lib/hoja-lib-rp2040/src/utilities/rgb.c.obj
                0x1000195c                _rgbanim_rainbow_do
 .text._rgbanim_cycle_do
                0x10001990       0x88 CMakeFiles/SUPERGAMEPAD_RP2040.dir/lib/hoja-lib-rp2040/src/utilities/rgb.c.obj
                0x10001990                _rgbanim_cycle_do
 .text._rgbanim_flash_do
                0x10001a18       0x4c CMakeFiles/SUPERGAMEPAD_RP2040.dir/lib/hoja-lib-rp2040/src/utilities/rgb.c.obj
                0x10001a18                _rgbanim_flash_do
 .text._rgb_indicate_override_do
                0x10001a64       0x98 CMakeFiles/SUPERGAMEPAD_RP2040.dir/lib/hoja-lib-rp2040/src/utilities/rgb.c.obj
                0x10001a64                _rgb_indicate_override_do
 .text.rgb_set_group
                0x10001afc       0xfc CMakeFiles/SUPERGAMEPAD_RP2040.dir/lib/hoja-lib-rp2040/src/utilities/rgb.c.obj
                0x10001afc                rgb_set_group
 .text._rgb_preset_reload
                0x10001bf8       0x3c CMakeFiles/SUPERGAMEPAD_RP2040.dir/lib/hoja-lib-rp2040/src/utilities/rgb.c.obj
                0x10001bf8                _rgb_preset_reload
 .text._rgb_load_preset
                0x10001c34       0x10 CMakeFiles/SUPERGAMEPAD_RP2040.dir/lib/hoja-lib-rp2040/src/utilities/rgb.c.obj
                0x10001c34                _rgb_load_preset
 .text._rgbanim_preset_do
                0x10001c44       0x28 CMakeFiles/SUPERGAMEPAD_RP2040.dir/lib/hoja-lib-rp2040/src/utilities/rgb.c.obj
                0x10001c44                _rgbanim_preset_do
 .text.rgb_update_speed
                0x10001c6c       0x70 CMakeFiles/SUPERGAMEPAD_RP2040.dir/lib/hoja-lib-rp2040/src/utilities/rgb.c.obj
                0x10001c6c                rgb_update_speed
 .text.rgb_indicate
                0x10001cdc       0x24 CMakeFiles/SUPERGAMEPAD_RP2040.dir/lib/hoja-lib-rp2040/src/utilities/rgb.c.obj
                0x10001cdc                rgb_indicate
 .text.rgb_init
                0x10001d00       0xdc CMakeFiles/SUPERGAMEPAD_RP2040.dir/lib/hoja-lib-rp2040/src/utilities/rgb.c.obj
                0x10001d00                rgb_init
 .text.rgb_flash
                0x10001ddc       0x2c CMakeFiles/SUPERGAMEPAD_RP2040.dir/lib/hoja-lib-rp2040/src/utilities/rgb.c.obj
                0x10001ddc                rgb_flash
 .text.rgb_task
                0x10001e08       0x70 CMakeFiles/SUPERGAMEPAD_RP2040.dir/lib/hoja-lib-rp2040/src/utilities/rgb.c.obj
                0x10001e08                rgb_task
 .text.util_battery_monitor_task_usb
                0x10001e78        0x2 CMakeFiles/SUPERGAMEPAD_RP2040.dir/lib/hoja-lib-rp2040/src/utilities/battery.c.obj
                0x10001e78                util_battery_monitor_task_usb
 .text.util_battery_enable_ship_mode
                0x10001e7a        0xe CMakeFiles/SUPERGAMEPAD_RP2040.dir/lib/hoja-lib-rp2040/src/utilities/battery.c.obj
                0x10001e7a                util_battery_enable_ship_mode
 .text.util_battery_set_charge_rate
                0x10001e88       0x4c CMakeFiles/SUPERGAMEPAD_RP2040.dir/lib/hoja-lib-rp2040/src/utilities/battery.c.obj
                0x10001e88                util_battery_set_charge_rate
 .text.util_battery_get_level
                0x10001ed4        0x4 CMakeFiles/SUPERGAMEPAD_RP2040.dir/lib/hoja-lib-rp2040/src/utilities/battery.c.obj
                0x10001ed4                util_battery_get_level
 .text.util_battery_set_source
                0x10001ed8        0x2 CMakeFiles/SUPERGAMEPAD_RP2040.dir/lib/hoja-lib-rp2040/src/utilities/battery.c.obj
                0x10001ed8                util_battery_set_source
 *fill*         0x10001eda        0x2 
 .text.util_wire_connected
                0x10001edc       0x10 CMakeFiles/SUPERGAMEPAD_RP2040.dir/lib/hoja-lib-rp2040/src/utilities/battery.c.obj
                0x10001edc                util_wire_connected
 .text._scratch_set
                0x10001eec       0x14 CMakeFiles/SUPERGAMEPAD_RP2040.dir/lib/hoja-lib-rp2040/src/utilities/reboot.c.obj
                0x10001eec                _scratch_set
 .text._scratch_get
                0x10001f00       0x24 CMakeFiles/SUPERGAMEPAD_RP2040.dir/lib/hoja-lib-rp2040/src/utilities/reboot.c.obj
                0x10001f00                _scratch_get
 .text.reboot_get_memory
                0x10001f24        0xa CMakeFiles/SUPERGAMEPAD_RP2040.dir/lib/hoja-lib-rp2040/src/utilities/reboot.c.obj
                0x10001f24                reboot_get_memory
 .text.interval_run
                0x10001f2e       0x26 CMakeFiles/SUPERGAMEPAD_RP2040.dir/lib/hoja-lib-rp2040/src/utilities/interval.c.obj
                0x10001f2e                interval_run
 .text.interval_resettable_run
                0x10001f54       0x3a CMakeFiles/SUPERGAMEPAD_RP2040.dir/lib/hoja-lib-rp2040/src/utilities/interval.c.obj
                0x10001f54                interval_resettable_run
 *fill*         0x10001f8e        0x2 
 .text.tud_descriptor_bos_cb
                0x10001f90       0x1c CMakeFiles/SUPERGAMEPAD_RP2040.dir/lib/hoja-lib-rp2040/src/usb/desc_bos.c.obj
                0x10001f90                tud_descriptor_bos_cb
 .text.tud_hid_ready
                0x10001fac        0xa CMakeFiles/SUPERGAMEPAD_RP2040.dir/lib/hoja-lib-rp2040/src/usb/hoja_usb.c.obj
 *fill*         0x10001fb6        0x2 
 .text.hoja_usb_set_usb_clear
                0x10001fb8       0x28 CMakeFiles/SUPERGAMEPAD_RP2040.dir/lib/hoja-lib-rp2040/src/usb/hoja_usb.c.obj
                0x10001fb8                hoja_usb_set_usb_clear
 .text.hoja_usb_unset_usb_clear
                0x10001fe0       0x28 CMakeFiles/SUPERGAMEPAD_RP2040.dir/lib/hoja-lib-rp2040/src/usb/hoja_usb.c.obj
                0x10001fe0                hoja_usb_unset_usb_clear
 .text.hoja_usb_get_usb_clear
                0x10002008       0x4c CMakeFiles/SUPERGAMEPAD_RP2040.dir/lib/hoja-lib-rp2040/src/usb/hoja_usb.c.obj
                0x10002008                hoja_usb_get_usb_clear
 .text.usbd_app_driver_get_cb
                0x10002054       0x24 CMakeFiles/SUPERGAMEPAD_RP2040.dir/lib/hoja-lib-rp2040/src/usb/hoja_usb.c.obj
                0x10002054                usbd_app_driver_get_cb
 .text._hoja_usb_set_interval
                0x10002078       0x44 CMakeFiles/SUPERGAMEPAD_RP2040.dir/lib/hoja-lib-rp2040/src/usb/hoja_usb.c.obj
                0x10002078                _hoja_usb_set_interval
 .text.hoja_usb_start
                0x100020bc       0xb0 CMakeFiles/SUPERGAMEPAD_RP2040.dir/lib/hoja-lib-rp2040/src/usb/hoja_usb.c.obj
                0x100020bc                hoja_usb_start
 .text.hoja_usb_task
                0x1000216c       0xcc CMakeFiles/SUPERGAMEPAD_RP2040.dir/lib/hoja-lib-rp2040/src/usb/hoja_usb.c.obj
                0x1000216c                hoja_usb_task
 .text.tud_descriptor_device_cb
                0x10002238       0x38 CMakeFiles/SUPERGAMEPAD_RP2040.dir/lib/hoja-lib-rp2040/src/usb/hoja_usb.c.obj
                0x10002238                tud_descriptor_device_cb
 .text.tud_descriptor_configuration_cb
                0x10002270       0x38 CMakeFiles/SUPERGAMEPAD_RP2040.dir/lib/hoja-lib-rp2040/src/usb/hoja_usb.c.obj
                0x10002270                tud_descriptor_configuration_cb
 .text.tud_hid_get_report_cb
                0x100022a8        0x4 CMakeFiles/SUPERGAMEPAD_RP2040.dir/lib/hoja-lib-rp2040/src/usb/hoja_usb.c.obj
                0x100022a8                tud_hid_get_report_cb
 .text.tud_hid_report_complete_cb
                0x100022ac       0x54 CMakeFiles/SUPERGAMEPAD_RP2040.dir/lib/hoja-lib-rp2040/src/usb/hoja_usb.c.obj
                0x100022ac                tud_hid_report_complete_cb
 .text.tud_hid_set_report_cb
                0x10002300       0xd8 CMakeFiles/SUPERGAMEPAD_RP2040.dir/lib/hoja-lib-rp2040/src/usb/hoja_usb.c.obj
                0x10002300                tud_hid_set_report_cb
 .text.tud_hid_descriptor_report_cb
                0x100023d8       0x2c CMakeFiles/SUPERGAMEPAD_RP2040.dir/lib/hoja-lib-rp2040/src/usb/hoja_usb.c.obj
                0x100023d8                tud_hid_descriptor_report_cb
 .text.tud_descriptor_string_cb
                0x10002404       0x9c CMakeFiles/SUPERGAMEPAD_RP2040.dir/lib/hoja-lib-rp2040/src/usb/hoja_usb.c.obj
                0x10002404                tud_descriptor_string_cb
 .text.tud_vendor_rx_cb
                0x100024a0       0x38 CMakeFiles/SUPERGAMEPAD_RP2040.dir/lib/hoja-lib-rp2040/src/usb/hoja_usb.c.obj
                0x100024a0                tud_vendor_rx_cb
 .text.tud_vendor_control_xfer_cb
                0x100024d8      0x100 CMakeFiles/SUPERGAMEPAD_RP2040.dir/lib/hoja-lib-rp2040/src/usb/hoja_usb.c.obj
                0x100024d8                tud_vendor_control_xfer_cb
 .text.dir_to_hat
                0x100025d8       0x88 CMakeFiles/SUPERGAMEPAD_RP2040.dir/lib/hoja-lib-rp2040/src/usb/hoja_usb.c.obj
                0x100025d8                dir_to_hat
 .text.xinputd_control_xfer_cb
                0x10002660        0x4 CMakeFiles/SUPERGAMEPAD_RP2040.dir/lib/hoja-lib-rp2040/src/usb/xinput_device.c.obj
                0x10002660                xinputd_control_xfer_cb
 .text.xinputd_reset
                0x10002664       0x14 CMakeFiles/SUPERGAMEPAD_RP2040.dir/lib/hoja-lib-rp2040/src/usb/xinput_device.c.obj
                0x10002664                xinputd_reset
 .text.xinputd_init
                0x10002678        0xa CMakeFiles/SUPERGAMEPAD_RP2040.dir/lib/hoja-lib-rp2040/src/usb/xinput_device.c.obj
                0x10002678                xinputd_init
 *fill*         0x10002682        0x2 
 .text.xinputd_open
                0x10002684       0x70 CMakeFiles/SUPERGAMEPAD_RP2040.dir/lib/hoja-lib-rp2040/src/usb/xinput_device.c.obj
                0x10002684                xinputd_open
 .text.xinputd_xfer_cb
                0x100026f4       0x68 CMakeFiles/SUPERGAMEPAD_RP2040.dir/lib/hoja-lib-rp2040/src/usb/xinput_device.c.obj
                0x100026f4                xinputd_xfer_cb
 .text.tud_xinput_getout
                0x1000275c       0x54 CMakeFiles/SUPERGAMEPAD_RP2040.dir/lib/hoja-lib-rp2040/src/usb/xinput_device.c.obj
                0x1000275c                tud_xinput_getout
 .text.tud_xinput_report
                0x100027b0       0x58 CMakeFiles/SUPERGAMEPAD_RP2040.dir/lib/hoja-lib-rp2040/src/usb/xinput_device.c.obj
                0x100027b0                tud_xinput_report
 .text.tud_xinput_ready
                0x10002808       0x48 CMakeFiles/SUPERGAMEPAD_RP2040.dir/lib/hoja-lib-rp2040/src/usb/xinput_device.c.obj
                0x10002808                tud_xinput_ready
 .text.ginputd_reset
                0x10002850       0x14 CMakeFiles/SUPERGAMEPAD_RP2040.dir/lib/hoja-lib-rp2040/src/usb/ginput_device.c.obj
                0x10002850                ginputd_reset
 .text.ginputd_init
                0x10002864        0xa CMakeFiles/SUPERGAMEPAD_RP2040.dir/lib/hoja-lib-rp2040/src/usb/ginput_device.c.obj
                0x10002864                ginputd_init
 *fill*         0x1000286e        0x2 
 .text.ginputd_open
                0x10002870       0xc4 CMakeFiles/SUPERGAMEPAD_RP2040.dir/lib/hoja-lib-rp2040/src/usb/ginput_device.c.obj
                0x10002870                ginputd_open
 .text.ginputd_xfer_cb
                0x10002934       0x84 CMakeFiles/SUPERGAMEPAD_RP2040.dir/lib/hoja-lib-rp2040/src/usb/ginput_device.c.obj
                0x10002934                ginputd_xfer_cb
 .text.ginputd_control_xfer_cb
                0x100029b8      0x28c CMakeFiles/SUPERGAMEPAD_RP2040.dir/lib/hoja-lib-rp2040/src/usb/ginput_device.c.obj
                0x100029b8                ginputd_control_xfer_cb
 .text.tud_ginput_n_ready
                0x10002c44       0x50 CMakeFiles/SUPERGAMEPAD_RP2040.dir/lib/hoja-lib-rp2040/src/usb/ginput_device.c.obj
                0x10002c44                tud_ginput_n_ready
 .text.tud_ginput_ready
                0x10002c94        0xa CMakeFiles/SUPERGAMEPAD_RP2040.dir/lib/hoja-lib-rp2040/src/usb/ginput_device.c.obj
                0x10002c94                tud_ginput_ready
 *fill*         0x10002c9e        0x2 
 .text.tud_ginput_n_report
                0x10002ca0       0x94 CMakeFiles/SUPERGAMEPAD_RP2040.dir/lib/hoja-lib-rp2040/src/usb/ginput_device.c.obj
                0x10002ca0                tud_ginput_n_report
 .text.tud_ginput_report
                0x10002d34       0x10 CMakeFiles/SUPERGAMEPAD_RP2040.dir/lib/hoja-lib-rp2040/src/usb/ginput_device.c.obj
                0x10002d34                tud_ginput_report
 .text.switch_analog_encode
                0x10002d44       0x16 CMakeFiles/SUPERGAMEPAD_RP2040.dir/lib/hoja-lib-rp2040/src/switch/switch_analog.c.obj
                0x10002d44                switch_analog_encode
 *fill*         0x10002d5a        0x2 
 .text.switch_analog_calibration_init
                0x10002d5c       0x50 CMakeFiles/SUPERGAMEPAD_RP2040.dir/lib/hoja-lib-rp2040/src/switch/switch_analog.c.obj
                0x10002d5c                switch_analog_calibration_init
 .text.clear_report
                0x10002dac       0x14 CMakeFiles/SUPERGAMEPAD_RP2040.dir/lib/hoja-lib-rp2040/src/switch/switch_commands.c.obj
                0x10002dac                clear_report
 .text.set_report_id
                0x10002dc0        0xc CMakeFiles/SUPERGAMEPAD_RP2040.dir/lib/hoja-lib-rp2040/src/switch/switch_commands.c.obj
                0x10002dc0                set_report_id
 .text.set_ack  0x10002dcc        0xc CMakeFiles/SUPERGAMEPAD_RP2040.dir/lib/hoja-lib-rp2040/src/switch/switch_commands.c.obj
                0x10002dcc                set_ack
 .text.set_command
                0x10002dd8        0xc CMakeFiles/SUPERGAMEPAD_RP2040.dir/lib/hoja-lib-rp2040/src/switch/switch_commands.c.obj
                0x10002dd8                set_command
 .text.set_timer
                0x10002de4       0x28 CMakeFiles/SUPERGAMEPAD_RP2040.dir/lib/hoja-lib-rp2040/src/switch/switch_commands.c.obj
                0x10002de4                set_timer
 .text.set_battconn
                0x10002e0c       0x14 CMakeFiles/SUPERGAMEPAD_RP2040.dir/lib/hoja-lib-rp2040/src/switch/switch_commands.c.obj
                0x10002e0c                set_battconn
 .text.set_devinfo
                0x10002e20       0x20 CMakeFiles/SUPERGAMEPAD_RP2040.dir/lib/hoja-lib-rp2040/src/switch/switch_commands.c.obj
                0x10002e20                set_devinfo
 .text.set_sub_triggertime
                0x10002e40       0x24 CMakeFiles/SUPERGAMEPAD_RP2040.dir/lib/hoja-lib-rp2040/src/switch/switch_commands.c.obj
                0x10002e40                set_sub_triggertime
 .text._get_low_frequency
                0x10002e64       0x30 CMakeFiles/SUPERGAMEPAD_RP2040.dir/lib/hoja-lib-rp2040/src/switch/switch_commands.c.obj
                0x10002e64                _get_low_frequency
 .text._get_high_frequency
                0x10002e94       0x30 CMakeFiles/SUPERGAMEPAD_RP2040.dir/lib/hoja-lib-rp2040/src/switch/switch_commands.c.obj
                0x10002e94                _get_high_frequency
 .text._get_amplitude
                0x10002ec4       0x24 CMakeFiles/SUPERGAMEPAD_RP2040.dir/lib/hoja-lib-rp2040/src/switch/switch_commands.c.obj
                0x10002ec4                _get_amplitude
 .text.rumble_translate
                0x10002ee8      0x140 CMakeFiles/SUPERGAMEPAD_RP2040.dir/lib/hoja-lib-rp2040/src/switch/switch_commands.c.obj
                0x10002ee8                rumble_translate
 .text.info_set_mac
                0x10003028       0x34 CMakeFiles/SUPERGAMEPAD_RP2040.dir/lib/hoja-lib-rp2040/src/switch/switch_commands.c.obj
                0x10003028                info_set_mac
 .text.info_handler
                0x1000305c       0x34 CMakeFiles/SUPERGAMEPAD_RP2040.dir/lib/hoja-lib-rp2040/src/switch/switch_commands.c.obj
                0x1000305c                info_handler
 .text.pairing_set
                0x10003090       0xc0 CMakeFiles/SUPERGAMEPAD_RP2040.dir/lib/hoja-lib-rp2040/src/switch/switch_commands.c.obj
                0x10003090                pairing_set
 .text.command_handler
                0x10003150      0x134 CMakeFiles/SUPERGAMEPAD_RP2040.dir/lib/hoja-lib-rp2040/src/switch/switch_commands.c.obj
                0x10003150                command_handler
 .text.report_handler
                0x10003284       0x36 CMakeFiles/SUPERGAMEPAD_RP2040.dir/lib/hoja-lib-rp2040/src/switch/switch_commands.c.obj
                0x10003284                report_handler
 *fill*         0x100032ba        0x2 
 .text._unknown_thing
                0x100032bc       0x2c CMakeFiles/SUPERGAMEPAD_RP2040.dir/lib/hoja-lib-rp2040/src/switch/switch_commands.c.obj
                0x100032bc                _unknown_thing
 .text.switch_commands_process
                0x100032e8      0x1a0 CMakeFiles/SUPERGAMEPAD_RP2040.dir/lib/hoja-lib-rp2040/src/switch/switch_commands.c.obj
                0x100032e8                switch_commands_process
 .text.switch_commands_future_handle
                0x10003488       0x28 CMakeFiles/SUPERGAMEPAD_RP2040.dir/lib/hoja-lib-rp2040/src/switch/switch_commands.c.obj
                0x10003488                switch_commands_future_handle
 .text.switch_commands_bulkset
                0x100034b0       0x10 CMakeFiles/SUPERGAMEPAD_RP2040.dir/lib/hoja-lib-rp2040/src/switch/switch_commands.c.obj
                0x100034b0                switch_commands_bulkset
 .text.sw_spi_getaddressdata
                0x100034c0      0x18c CMakeFiles/SUPERGAMEPAD_RP2040.dir/lib/hoja-lib-rp2040/src/switch/switch_spi.c.obj
                0x100034c0                sw_spi_getaddressdata
 .text.sw_spi_readfromaddress
                0x1000364c       0x50 CMakeFiles/SUPERGAMEPAD_RP2040.dir/lib/hoja-lib-rp2040/src/switch/switch_spi.c.obj
                0x1000364c                sw_spi_readfromaddress
 .text.imu_pack_quat
                0x1000369c      0x1fc CMakeFiles/SUPERGAMEPAD_RP2040.dir/lib/hoja-lib-rp2040/src/input/imu.c.obj
                0x1000369c                imu_pack_quat
 .text._imu_rotate_quaternion
                0x10003898      0x146 CMakeFiles/SUPERGAMEPAD_RP2040.dir/lib/hoja-lib-rp2040/src/input/imu.c.obj
                0x10003898                _imu_rotate_quaternion
 .text._imu_quat_normalize
                0x100039de       0x7c CMakeFiles/SUPERGAMEPAD_RP2040.dir/lib/hoja-lib-rp2040/src/input/imu.c.obj
                0x100039de                _imu_quat_normalize
 *fill*         0x10003a5a        0x2 
 .text._imu_update_quaternion
                0x10003a5c      0x298 CMakeFiles/SUPERGAMEPAD_RP2040.dir/lib/hoja-lib-rp2040/src/input/imu.c.obj
                0x10003a5c                _imu_update_quaternion
 .text.imu_fifo_push
                0x10003cf4       0xa8 CMakeFiles/SUPERGAMEPAD_RP2040.dir/lib/hoja-lib-rp2040/src/input/imu.c.obj
                0x10003cf4                imu_fifo_push
 .text.imu_fifo_last
                0x10003d9c       0x38 CMakeFiles/SUPERGAMEPAD_RP2040.dir/lib/hoja-lib-rp2040/src/input/imu.c.obj
                0x10003d9c                imu_fifo_last
 .text._imu_average_value
                0x10003dd4       0x30 CMakeFiles/SUPERGAMEPAD_RP2040.dir/lib/hoja-lib-rp2040/src/input/imu.c.obj
                0x10003dd4                _imu_average_value
 .text.imu_calibrate_start
                0x10003e04       0xc4 CMakeFiles/SUPERGAMEPAD_RP2040.dir/lib/hoja-lib-rp2040/src/input/imu.c.obj
                0x10003e04                imu_calibrate_start
 .text.imu_calibrate_stop
                0x10003ec8       0x2c CMakeFiles/SUPERGAMEPAD_RP2040.dir/lib/hoja-lib-rp2040/src/input/imu.c.obj
                0x10003ec8                imu_calibrate_stop
 .text._imu_calibrate_task
                0x10003ef4      0x160 CMakeFiles/SUPERGAMEPAD_RP2040.dir/lib/hoja-lib-rp2040/src/input/imu.c.obj
                0x10003ef4                _imu_calibrate_task
 .text.imu_set_enabled
                0x10004054        0xc CMakeFiles/SUPERGAMEPAD_RP2040.dir/lib/hoja-lib-rp2040/src/input/imu.c.obj
                0x10004054                imu_set_enabled
 .text.imu_task
                0x10004060      0x158 CMakeFiles/SUPERGAMEPAD_RP2040.dir/lib/hoja-lib-rp2040/src/input/imu.c.obj
                0x10004060                imu_task
 .text._remap_load_remap
                0x100041b8       0x60 CMakeFiles/SUPERGAMEPAD_RP2040.dir/lib/hoja-lib-rp2040/src/input/remap.c.obj
                0x100041b8                _remap_load_remap
 .text._remap_pack_remap
                0x10004218       0xda CMakeFiles/SUPERGAMEPAD_RP2040.dir/lib/hoja-lib-rp2040/src/input/remap.c.obj
                0x10004218                _remap_pack_remap
 .text._remap_unpack_remap
                0x100042f2       0x72 CMakeFiles/SUPERGAMEPAD_RP2040.dir/lib/hoja-lib-rp2040/src/input/remap.c.obj
                0x100042f2                _remap_unpack_remap
 .text.remap_reset_default
                0x10004364       0x74 CMakeFiles/SUPERGAMEPAD_RP2040.dir/lib/hoja-lib-rp2040/src/input/remap.c.obj
                0x10004364                remap_reset_default
 .text.remap_init
                0x100043d8       0x5c CMakeFiles/SUPERGAMEPAD_RP2040.dir/lib/hoja-lib-rp2040/src/input/remap.c.obj
                0x100043d8                remap_init
 .text.remap_set_gc_sp
                0x10004434       0x10 CMakeFiles/SUPERGAMEPAD_RP2040.dir/lib/hoja-lib-rp2040/src/input/remap.c.obj
                0x10004434                remap_set_gc_sp
 .text.remap_listen_stop
                0x10004444       0x20 CMakeFiles/SUPERGAMEPAD_RP2040.dir/lib/hoja-lib-rp2040/src/input/remap.c.obj
                0x10004444                remap_listen_stop
 .text.remap_send_data_webusb
                0x10004464       0xf8 CMakeFiles/SUPERGAMEPAD_RP2040.dir/lib/hoja-lib-rp2040/src/input/remap.c.obj
                0x10004464                remap_send_data_webusb
 .text._remap_listener
                0x1000455c       0xec CMakeFiles/SUPERGAMEPAD_RP2040.dir/lib/hoja-lib-rp2040/src/input/remap.c.obj
                0x1000455c                _remap_listener
 .text.remap_listen_enable
                0x10004648       0x40 CMakeFiles/SUPERGAMEPAD_RP2040.dir/lib/hoja-lib-rp2040/src/input/remap.c.obj
                0x10004648                remap_listen_enable
 .text.remap_buttons_task
                0x10004688      0x364 CMakeFiles/SUPERGAMEPAD_RP2040.dir/lib/hoja-lib-rp2040/src/input/remap.c.obj
                0x10004688                remap_buttons_task
 .text.snapback_process
                0x100049ec        0xe CMakeFiles/SUPERGAMEPAD_RP2040.dir/lib/hoja-lib-rp2040/src/input/snapback.c.obj
                0x100049ec                snapback_process
 *fill*         0x100049fa        0x2 
 .text._snapback_add_value
                0x100049fc       0x30 CMakeFiles/SUPERGAMEPAD_RP2040.dir/lib/hoja-lib-rp2040/src/input/snapback.c.obj
                0x100049fc                _snapback_add_value
 .text.snapback_webcapture_task
                0x10004a2c      0x118 CMakeFiles/SUPERGAMEPAD_RP2040.dir/lib/hoja-lib-rp2040/src/input/snapback.c.obj
                0x10004a2c                snapback_webcapture_task
 .text._stick_sub_angle_scale
                0x10004b44       0x40 CMakeFiles/SUPERGAMEPAD_RP2040.dir/lib/hoja-lib-rp2040/src/input/stick_scaling.c.obj
                0x10004b44                _stick_sub_angle_scale
 .text._get_angle_distance
                0x10004b84       0x34 CMakeFiles/SUPERGAMEPAD_RP2040.dir/lib/hoja-lib-rp2040/src/input/stick_scaling.c.obj
                0x10004b84                _get_angle_distance
 .text._is_angle_between
                0x10004bb8       0x58 CMakeFiles/SUPERGAMEPAD_RP2040.dir/lib/hoja-lib-rp2040/src/input/stick_scaling.c.obj
                0x10004bb8                _is_angle_between
 .text._stick_get_processed_octant
                0x10004c10       0x38 CMakeFiles/SUPERGAMEPAD_RP2040.dir/lib/hoja-lib-rp2040/src/input/stick_scaling.c.obj
                0x10004c10                _stick_get_processed_octant
 .text._stick_get_octant
                0x10004c48       0x58 CMakeFiles/SUPERGAMEPAD_RP2040.dir/lib/hoja-lib-rp2040/src/input/stick_scaling.c.obj
                0x10004c48                _stick_get_octant
 .text._stick_angle_adjust
                0x10004ca0       0x3c CMakeFiles/SUPERGAMEPAD_RP2040.dir/lib/hoja-lib-rp2040/src/input/stick_scaling.c.obj
                0x10004ca0                _stick_angle_adjust
 .text.stick_get_angle
                0x10004cdc       0x70 CMakeFiles/SUPERGAMEPAD_RP2040.dir/lib/hoja-lib-rp2040/src/input/stick_scaling.c.obj
                0x10004cdc                stick_get_angle
 .text.stick_get_distance
                0x10004d4c       0x56 CMakeFiles/SUPERGAMEPAD_RP2040.dir/lib/hoja-lib-rp2040/src/input/stick_scaling.c.obj
                0x10004d4c                stick_get_distance
 *fill*         0x10004da2        0x2 
 .text.stick_normalized_vector
                0x10004da4       0x40 CMakeFiles/SUPERGAMEPAD_RP2040.dir/lib/hoja-lib-rp2040/src/input/stick_scaling.c.obj
                0x10004da4                stick_normalized_vector
 .text._stick_process_input
                0x10004de4      0x168 CMakeFiles/SUPERGAMEPAD_RP2040.dir/lib/hoja-lib-rp2040/src/input/stick_scaling.c.obj
                0x10004de4                _stick_process_input
 .text._precalculate_distance_scalers
                0x10004f4c       0x24 CMakeFiles/SUPERGAMEPAD_RP2040.dir/lib/hoja-lib-rp2040/src/input/stick_scaling.c.obj
                0x10004f4c                _precalculate_distance_scalers
 .text._precalculate_angle_scalers
                0x10004f70       0x38 CMakeFiles/SUPERGAMEPAD_RP2040.dir/lib/hoja-lib-rp2040/src/input/stick_scaling.c.obj
                0x10004f70                _precalculate_angle_scalers
 .text._precalculate_angle_substate
                0x10004fa8       0x7c CMakeFiles/SUPERGAMEPAD_RP2040.dir/lib/hoja-lib-rp2040/src/input/stick_scaling.c.obj
                0x10004fa8                _precalculate_angle_substate
 .text.stick_scaling_get_settings
                0x10005024       0x40 CMakeFiles/SUPERGAMEPAD_RP2040.dir/lib/hoja-lib-rp2040/src/input/stick_scaling.c.obj
                0x10005024                stick_scaling_get_settings
 .text.stick_scaling_set_settings
                0x10005064       0x28 CMakeFiles/SUPERGAMEPAD_RP2040.dir/lib/hoja-lib-rp2040/src/input/stick_scaling.c.obj
                0x10005064                stick_scaling_set_settings
 .text.stick_scaling_init
                0x1000508c       0x60 CMakeFiles/SUPERGAMEPAD_RP2040.dir/lib/hoja-lib-rp2040/src/input/stick_scaling.c.obj
                0x1000508c                stick_scaling_init
 .text.stick_scaling_reset_distances
                0x100050ec       0x44 CMakeFiles/SUPERGAMEPAD_RP2040.dir/lib/hoja-lib-rp2040/src/input/stick_scaling.c.obj
                0x100050ec                stick_scaling_reset_distances
 .text.stick_scaling_capture_distances
                0x10005130      0x1bc CMakeFiles/SUPERGAMEPAD_RP2040.dir/lib/hoja-lib-rp2040/src/input/stick_scaling.c.obj
                0x10005130                stick_scaling_capture_distances
 .text.stick_scaling_capture_center
                0x100052ec       0x2c CMakeFiles/SUPERGAMEPAD_RP2040.dir/lib/hoja-lib-rp2040/src/input/stick_scaling.c.obj
                0x100052ec                stick_scaling_capture_center
 .text.stick_scaling_get_octant_axis
                0x10005318       0xac CMakeFiles/SUPERGAMEPAD_RP2040.dir/lib/hoja-lib-rp2040/src/input/stick_scaling.c.obj
                0x10005318                stick_scaling_get_octant_axis
 .text.stick_scaling_get_octant_axis_offset
                0x100053c4       0xd4 CMakeFiles/SUPERGAMEPAD_RP2040.dir/lib/hoja-lib-rp2040/src/input/stick_scaling.c.obj
                0x100053c4                stick_scaling_get_octant_axis_offset
 .text.stick_scaling_capture_angle
                0x10005498       0xfc CMakeFiles/SUPERGAMEPAD_RP2040.dir/lib/hoja-lib-rp2040/src/input/stick_scaling.c.obj
                0x10005498                stick_scaling_capture_angle
 .text.stick_scaling_process_data
                0x10005594      0x168 CMakeFiles/SUPERGAMEPAD_RP2040.dir/lib/hoja-lib-rp2040/src/input/stick_scaling.c.obj
                0x10005594                stick_scaling_process_data
 .text.analog_send_reset
                0x100056fc       0x24 CMakeFiles/SUPERGAMEPAD_RP2040.dir/lib/hoja-lib-rp2040/src/input/analog.c.obj
                0x100056fc                analog_send_reset
 .text.analog_calibrate_start
                0x10005720       0x4c CMakeFiles/SUPERGAMEPAD_RP2040.dir/lib/hoja-lib-rp2040/src/input/analog.c.obj
                0x10005720                analog_calibrate_start
 .text.analog_init
                0x1000576c       0x40 CMakeFiles/SUPERGAMEPAD_RP2040.dir/lib/hoja-lib-rp2040/src/input/analog.c.obj
                0x1000576c                analog_init
 .text.analog_calibrate_stop
                0x100057ac       0x2c CMakeFiles/SUPERGAMEPAD_RP2040.dir/lib/hoja-lib-rp2040/src/input/analog.c.obj
                0x100057ac                analog_calibrate_stop
 .text.analog_calibrate_save
                0x100057d8       0x34 CMakeFiles/SUPERGAMEPAD_RP2040.dir/lib/hoja-lib-rp2040/src/input/analog.c.obj
                0x100057d8                analog_calibrate_save
 .text.analog_calibrate_angle
                0x1000580c       0x10 CMakeFiles/SUPERGAMEPAD_RP2040.dir/lib/hoja-lib-rp2040/src/input/analog.c.obj
                0x1000580c                analog_calibrate_angle
 .text._analog_calibrate_loop
                0x1000581c       0x64 CMakeFiles/SUPERGAMEPAD_RP2040.dir/lib/hoja-lib-rp2040/src/input/analog.c.obj
                0x1000581c                _analog_calibrate_loop
 .text._analog_distance_check
                0x10005880       0x4e CMakeFiles/SUPERGAMEPAD_RP2040.dir/lib/hoja-lib-rp2040/src/input/analog.c.obj
                0x10005880                _analog_distance_check
 *fill*         0x100058ce        0x2 
 .text.analog_get_octoangle_data
                0x100058d0       0x18 CMakeFiles/SUPERGAMEPAD_RP2040.dir/lib/hoja-lib-rp2040/src/input/analog.c.obj
                0x100058d0                analog_get_octoangle_data
 .text.analog_get_subangle_data
                0x100058e8       0x18 CMakeFiles/SUPERGAMEPAD_RP2040.dir/lib/hoja-lib-rp2040/src/input/analog.c.obj
                0x100058e8                analog_get_subangle_data
 .text._analog_process_deadzone
                0x10005900      0x244 CMakeFiles/SUPERGAMEPAD_RP2040.dir/lib/hoja-lib-rp2040/src/input/analog.c.obj
                0x10005900                _analog_process_deadzone
 .text.analog_task
                0x10005b44       0xa8 CMakeFiles/SUPERGAMEPAD_RP2040.dir/lib/hoja-lib-rp2040/src/input/analog.c.obj
                0x10005b44                analog_task
 .text.triggers_scale_init
                0x10005bec       0x58 CMakeFiles/SUPERGAMEPAD_RP2040.dir/lib/hoja-lib-rp2040/src/input/triggers.c.obj
                0x10005bec                triggers_scale_init
 .text.macro_handler_task
                0x10005c44       0xd8 CMakeFiles/SUPERGAMEPAD_RP2040.dir/lib/hoja-lib-rp2040/src/input/macros.c.obj
                0x10005c44                macro_handler_task
 .text.macro_safe_mode_check
                0x10005d1c        0xc CMakeFiles/SUPERGAMEPAD_RP2040.dir/lib/hoja-lib-rp2040/src/input/macros.c.obj
                0x10005d1c                macro_safe_mode_check
 .text.gcinput_hid_report
                0x10005d28      0x45c CMakeFiles/SUPERGAMEPAD_RP2040.dir/lib/hoja-lib-rp2040/src/devices/gcinput.c.obj
                0x10005d28                gcinput_hid_report
 .text.gamecube_comms_task
                0x10006184        0x2 CMakeFiles/SUPERGAMEPAD_RP2040.dir/lib/hoja-lib-rp2040/src/devices/gamecube.c.obj
                0x10006184                gamecube_comms_task
 .text.n64_comms_task
                0x10006186        0x2 CMakeFiles/SUPERGAMEPAD_RP2040.dir/lib/hoja-lib-rp2040/src/devices/n64.c.obj
                0x10006186                n64_comms_task
 .text.nspi_comms_task
                0x10006188        0x2 CMakeFiles/SUPERGAMEPAD_RP2040.dir/lib/hoja-lib-rp2040/src/devices/nspi.c.obj
                0x10006188                nspi_comms_task
 *fill*         0x1000618a        0x2 
 .text.swpro_hid_report
                0x1000618c      0x16c CMakeFiles/SUPERGAMEPAD_RP2040.dir/lib/hoja-lib-rp2040/src/devices/swpro.c.obj
                0x1000618c                swpro_hid_report
 .text.webusb_output_enabled
                0x100062f8        0xc CMakeFiles/SUPERGAMEPAD_RP2040.dir/lib/hoja-lib-rp2040/src/devices/webusb.c.obj
                0x100062f8                webusb_output_enabled
 .text.webusb_enable_output
                0x10006304        0xc CMakeFiles/SUPERGAMEPAD_RP2040.dir/lib/hoja-lib-rp2040/src/devices/webusb.c.obj
                0x10006304                webusb_enable_output
 .text.webusb_ready_blocking
                0x10006310       0x3e CMakeFiles/SUPERGAMEPAD_RP2040.dir/lib/hoja-lib-rp2040/src/devices/webusb.c.obj
                0x10006310                webusb_ready_blocking
 *fill*         0x1000634e        0x2 
 .text.webusb_input_report_task
                0x10006350      0x128 CMakeFiles/SUPERGAMEPAD_RP2040.dir/lib/hoja-lib-rp2040/src/devices/webusb.c.obj
                0x10006350                webusb_input_report_task
 .text.webusb_save_confirm
                0x10006478       0x48 CMakeFiles/SUPERGAMEPAD_RP2040.dir/lib/hoja-lib-rp2040/src/devices/webusb.c.obj
                0x10006478                webusb_save_confirm
 .text.webusb_command_processor
                0x100064c0      0x76c CMakeFiles/SUPERGAMEPAD_RP2040.dir/lib/hoja-lib-rp2040/src/devices/webusb.c.obj
                0x100064c0                webusb_command_processor
 .text.sign_axis
                0x10006c2c       0x54 CMakeFiles/SUPERGAMEPAD_RP2040.dir/lib/hoja-lib-rp2040/src/devices/xinput.c.obj
                0x10006c2c                sign_axis
 .text.xinput_hid_report
                0x10006c80      0x17c CMakeFiles/SUPERGAMEPAD_RP2040.dir/lib/hoja-lib-rp2040/src/devices/xinput.c.obj
                0x10006c80                xinput_hid_report
 .text.btinput_capability_reset_flag
                0x10006dfc        0x2 CMakeFiles/SUPERGAMEPAD_RP2040.dir/lib/hoja-lib-rp2040/src/devices/btinput.c.obj
                0x10006dfc                btinput_capability_reset_flag
 *fill*         0x10006dfe        0x2 
 .text.btinput_get_version
                0x10006e00        0x8 CMakeFiles/SUPERGAMEPAD_RP2040.dir/lib/hoja-lib-rp2040/src/devices/btinput.c.obj
                0x10006e00                btinput_get_version
 .text.ds4_hid_report
                0x10006e08      0x1d4 CMakeFiles/SUPERGAMEPAD_RP2040.dir/lib/hoja-lib-rp2040/src/devices/ds4input.c.obj
                0x10006e08                ds4_hid_report
 .text.gpio_set_function
                0x10006fdc       0x30 CMakeFiles/SUPERGAMEPAD_RP2040.dir/C_/Program_Files/Raspberry_Pi/Pico_SDK_v1.5.1/pico-sdk/src/rp2_common/hardware_gpio/gpio.c.obj
                0x10006fdc                gpio_set_function
 .text.gpio_set_pulls
                0x1000700c       0x34 CMakeFiles/SUPERGAMEPAD_RP2040.dir/C_/Program_Files/Raspberry_Pi/Pico_SDK_v1.5.1/pico-sdk/src/rp2_common/hardware_gpio/gpio.c.obj
                0x1000700c                gpio_set_pulls
 .text.gpio_init
                0x10007040       0x16 CMakeFiles/SUPERGAMEPAD_RP2040.dir/C_/Program_Files/Raspberry_Pi/Pico_SDK_v1.5.1/pico-sdk/src/rp2_common/hardware_gpio/gpio.c.obj
                0x10007040                gpio_init
 *fill*         0x10007056        0x2 
 .text.running_on_fpga
                0x10007058       0x14 CMakeFiles/SUPERGAMEPAD_RP2040.dir/C_/Program_Files/Raspberry_Pi/Pico_SDK_v1.5.1/pico-sdk/src/rp2_common/pico_platform/platform.c.obj
                0x10007058                running_on_fpga
 .text.hw_claim_lock
                0x1000706c       0x18 CMakeFiles/SUPERGAMEPAD_RP2040.dir/C_/Program_Files/Raspberry_Pi/Pico_SDK_v1.5.1/pico-sdk/src/rp2_common/hardware_claim/claim.c.obj
                0x1000706c                hw_claim_lock
 .text.hw_claim_unlock
                0x10007084       0x14 CMakeFiles/SUPERGAMEPAD_RP2040.dir/C_/Program_Files/Raspberry_Pi/Pico_SDK_v1.5.1/pico-sdk/src/rp2_common/hardware_claim/claim.c.obj
                0x10007084                hw_claim_unlock
 .text.hw_claim_or_assert
                0x10007098       0x32 CMakeFiles/SUPERGAMEPAD_RP2040.dir/C_/Program_Files/Raspberry_Pi/Pico_SDK_v1.5.1/pico-sdk/src/rp2_common/hardware_claim/claim.c.obj
                0x10007098                hw_claim_or_assert
 .text.hw_claim_unused_from_range
                0x100070ca       0x50 CMakeFiles/SUPERGAMEPAD_RP2040.dir/C_/Program_Files/Raspberry_Pi/Pico_SDK_v1.5.1/pico-sdk/src/rp2_common/hardware_claim/claim.c.obj
                0x100070ca                hw_claim_unused_from_range
 *fill*         0x1000711a        0x2 
 .text.spin_locks_reset
                0x1000711c       0x20 CMakeFiles/SUPERGAMEPAD_RP2040.dir/C_/Program_Files/Raspberry_Pi/Pico_SDK_v1.5.1/pico-sdk/src/rp2_common/hardware_sync/sync.c.obj
                0x1000711c                spin_locks_reset
 .text.next_striped_spin_lock_num
                0x1000713c       0x1c CMakeFiles/SUPERGAMEPAD_RP2040.dir/C_/Program_Files/Raspberry_Pi/Pico_SDK_v1.5.1/pico-sdk/src/rp2_common/hardware_sync/sync.c.obj
                0x1000713c                next_striped_spin_lock_num
 .text.spin_lock_claim_unused
                0x10007158       0x20 CMakeFiles/SUPERGAMEPAD_RP2040.dir/C_/Program_Files/Raspberry_Pi/Pico_SDK_v1.5.1/pico-sdk/src/rp2_common/hardware_sync/sync.c.obj
                0x10007158                spin_lock_claim_unused
 .text.set_raw_irq_handler_and_unlock
                0x10007178       0x28 CMakeFiles/SUPERGAMEPAD_RP2040.dir/C_/Program_Files/Raspberry_Pi/Pico_SDK_v1.5.1/pico-sdk/src/rp2_common/hardware_irq/irq.c.obj
 .text.make_branch
                0x100071a0       0x48 CMakeFiles/SUPERGAMEPAD_RP2040.dir/C_/Program_Files/Raspberry_Pi/Pico_SDK_v1.5.1/pico-sdk/src/rp2_common/hardware_irq/irq.c.obj
 .text.insert_branch_and_link
                0x100071e8       0x40 CMakeFiles/SUPERGAMEPAD_RP2040.dir/C_/Program_Files/Raspberry_Pi/Pico_SDK_v1.5.1/pico-sdk/src/rp2_common/hardware_irq/irq.c.obj
 .text.irq_is_enabled
                0x10007228       0x18 CMakeFiles/SUPERGAMEPAD_RP2040.dir/C_/Program_Files/Raspberry_Pi/Pico_SDK_v1.5.1/pico-sdk/src/rp2_common/hardware_irq/irq.c.obj
                0x10007228                irq_is_enabled
 .text.irq_set_mask_enabled
                0x10007240       0x20 CMakeFiles/SUPERGAMEPAD_RP2040.dir/C_/Program_Files/Raspberry_Pi/Pico_SDK_v1.5.1/pico-sdk/src/rp2_common/hardware_irq/irq.c.obj
                0x10007240                irq_set_mask_enabled
 .text.irq_set_enabled
                0x10007260        0xe CMakeFiles/SUPERGAMEPAD_RP2040.dir/C_/Program_Files/Raspberry_Pi/Pico_SDK_v1.5.1/pico-sdk/src/rp2_common/hardware_irq/irq.c.obj
                0x10007260                irq_set_enabled
 *fill*         0x1000726e        0x2 
 .text.irq_get_vtable_handler
                0x10007270       0x10 CMakeFiles/SUPERGAMEPAD_RP2040.dir/C_/Program_Files/Raspberry_Pi/Pico_SDK_v1.5.1/pico-sdk/src/rp2_common/hardware_irq/irq.c.obj
                0x10007270                irq_get_vtable_handler
 .text.irq_set_exclusive_handler
                0x10007280       0x54 CMakeFiles/SUPERGAMEPAD_RP2040.dir/C_/Program_Files/Raspberry_Pi/Pico_SDK_v1.5.1/pico-sdk/src/rp2_common/hardware_irq/irq.c.obj
                0x10007280                irq_set_exclusive_handler
 .text.irq_add_shared_handler
                0x100072d4      0x234 CMakeFiles/SUPERGAMEPAD_RP2040.dir/C_/Program_Files/Raspberry_Pi/Pico_SDK_v1.5.1/pico-sdk/src/rp2_common/hardware_irq/irq.c.obj
                0x100072d4                irq_add_shared_handler
 .text.irq_remove_handler
                0x10007508      0x1ac CMakeFiles/SUPERGAMEPAD_RP2040.dir/C_/Program_Files/Raspberry_Pi/Pico_SDK_v1.5.1/pico-sdk/src/rp2_common/hardware_irq/irq.c.obj
                0x10007508                irq_remove_handler
 .text.irq_add_tail_to_free_list
                0x100076b4       0xf0 CMakeFiles/SUPERGAMEPAD_RP2040.dir/C_/Program_Files/Raspberry_Pi/Pico_SDK_v1.5.1/pico-sdk/src/rp2_common/hardware_irq/irq.c.obj
                0x100076b4                irq_add_tail_to_free_list
 .text.irq_init_priorities
                0x100077a4       0x1c CMakeFiles/SUPERGAMEPAD_RP2040.dir/C_/Program_Files/Raspberry_Pi/Pico_SDK_v1.5.1/pico-sdk/src/rp2_common/hardware_irq/irq.c.obj
                0x100077a4                irq_init_priorities
 .text.lock_init
                0x100077c0       0x10 CMakeFiles/SUPERGAMEPAD_RP2040.dir/C_/Program_Files/Raspberry_Pi/Pico_SDK_v1.5.1/pico-sdk/src/common/pico_sync/lock_core.c.obj
                0x100077c0                lock_init
 .text.mutex_init
                0x100077d0       0x1a CMakeFiles/SUPERGAMEPAD_RP2040.dir/C_/Program_Files/Raspberry_Pi/Pico_SDK_v1.5.1/pico-sdk/src/common/pico_sync/mutex.c.obj
                0x100077d0                mutex_init
 .text.recursive_mutex_init
                0x100077ea       0x1e CMakeFiles/SUPERGAMEPAD_RP2040.dir/C_/Program_Files/Raspberry_Pi/Pico_SDK_v1.5.1/pico-sdk/src/common/pico_sync/mutex.c.obj
                0x100077ea                recursive_mutex_init
 .text.critical_section_init_with_lock_num
                0x10007808       0x14 CMakeFiles/SUPERGAMEPAD_RP2040.dir/C_/Program_Files/Raspberry_Pi/Pico_SDK_v1.5.1/pico-sdk/src/common/pico_sync/critical_section.c.obj
                0x10007808                critical_section_init_with_lock_num
 .text.critical_section_init
                0x1000781c       0x14 CMakeFiles/SUPERGAMEPAD_RP2040.dir/C_/Program_Files/Raspberry_Pi/Pico_SDK_v1.5.1/pico-sdk/src/common/pico_sync/critical_section.c.obj
                0x1000781c                critical_section_init
 .text.alarm_pool_post_alloc_init
                0x10007830       0x40 CMakeFiles/SUPERGAMEPAD_RP2040.dir/C_/Program_Files/Raspberry_Pi/Pico_SDK_v1.5.1/pico-sdk/src/common/pico_time/time.c.obj
 .text.sleep_until_callback
                0x10007870       0x30 CMakeFiles/SUPERGAMEPAD_RP2040.dir/C_/Program_Files/Raspberry_Pi/Pico_SDK_v1.5.1/pico-sdk/src/common/pico_time/time.c.obj
 .text.timer_pool_entry_comparator
                0x100078a0       0x7c CMakeFiles/SUPERGAMEPAD_RP2040.dir/C_/Program_Files/Raspberry_Pi/Pico_SDK_v1.5.1/pico-sdk/src/common/pico_time/time.c.obj
                0x100078a0                timer_pool_entry_comparator
 .text.ph_add_child_node
                0x1000791c       0xa4 CMakeFiles/SUPERGAMEPAD_RP2040.dir/C_/Program_Files/Raspberry_Pi/Pico_SDK_v1.5.1/pico-sdk/src/common/pico_time/time.c.obj
 .text.ph_merge_nodes
                0x100079c0       0x3e CMakeFiles/SUPERGAMEPAD_RP2040.dir/C_/Program_Files/Raspberry_Pi/Pico_SDK_v1.5.1/pico-sdk/src/common/pico_time/time.c.obj
 *fill*         0x100079fe        0x2 
 .text.add_alarm_under_lock
                0x10007a00      0x174 CMakeFiles/SUPERGAMEPAD_RP2040.dir/C_/Program_Files/Raspberry_Pi/Pico_SDK_v1.5.1/pico-sdk/src/common/pico_time/time.c.obj
 .text.alarm_pool_alarm_callback
                0x10007b74      0x33c CMakeFiles/SUPERGAMEPAD_RP2040.dir/C_/Program_Files/Raspberry_Pi/Pico_SDK_v1.5.1/pico-sdk/src/common/pico_time/time.c.obj
 .text.alarm_pool_init_default
                0x10007eb0       0x40 CMakeFiles/SUPERGAMEPAD_RP2040.dir/C_/Program_Files/Raspberry_Pi/Pico_SDK_v1.5.1/pico-sdk/src/common/pico_time/time.c.obj
                0x10007eb0                alarm_pool_init_default
 .text.alarm_pool_get_default
                0x10007ef0       0x2c CMakeFiles/SUPERGAMEPAD_RP2040.dir/C_/Program_Files/Raspberry_Pi/Pico_SDK_v1.5.1/pico-sdk/src/common/pico_time/time.c.obj
                0x10007ef0                alarm_pool_get_default
 .text.alarm_pool_add_alarm_at
                0x10007f1c      0x168 CMakeFiles/SUPERGAMEPAD_RP2040.dir/C_/Program_Files/Raspberry_Pi/Pico_SDK_v1.5.1/pico-sdk/src/common/pico_time/time.c.obj
                0x10007f1c                alarm_pool_add_alarm_at
 .text.alarm_pool_cancel_alarm
                0x10008084       0xf8 CMakeFiles/SUPERGAMEPAD_RP2040.dir/C_/Program_Files/Raspberry_Pi/Pico_SDK_v1.5.1/pico-sdk/src/common/pico_time/time.c.obj
                0x10008084                alarm_pool_cancel_alarm
 .text.sleep_until
                0x1000817c       0xfc CMakeFiles/SUPERGAMEPAD_RP2040.dir/C_/Program_Files/Raspberry_Pi/Pico_SDK_v1.5.1/pico-sdk/src/common/pico_time/time.c.obj
                0x1000817c                sleep_until
 .text.sleep_us
                0x10008278       0x58 CMakeFiles/SUPERGAMEPAD_RP2040.dir/C_/Program_Files/Raspberry_Pi/Pico_SDK_v1.5.1/pico-sdk/src/common/pico_time/time.c.obj
                0x10008278                sleep_us
 .text.sleep_ms
                0x100082d0       0x14 CMakeFiles/SUPERGAMEPAD_RP2040.dir/C_/Program_Files/Raspberry_Pi/Pico_SDK_v1.5.1/pico-sdk/src/common/pico_time/time.c.obj
                0x100082d0                sleep_ms
 .text.best_effort_wfe_or_timeout
                0x100082e4       0xac CMakeFiles/SUPERGAMEPAD_RP2040.dir/C_/Program_Files/Raspberry_Pi/Pico_SDK_v1.5.1/pico-sdk/src/common/pico_time/time.c.obj
                0x100082e4                best_effort_wfe_or_timeout
 .text.hardware_alarm_irq_handler
                0x10008390       0x90 CMakeFiles/SUPERGAMEPAD_RP2040.dir/C_/Program_Files/Raspberry_Pi/Pico_SDK_v1.5.1/pico-sdk/src/rp2_common/hardware_timer/timer.c.obj
 .text.hardware_alarm_claim
                0x10008420       0x18 CMakeFiles/SUPERGAMEPAD_RP2040.dir/C_/Program_Files/Raspberry_Pi/Pico_SDK_v1.5.1/pico-sdk/src/rp2_common/hardware_timer/timer.c.obj
                0x10008420                hardware_alarm_claim
 .text.time_us_64
                0x10008438       0x18 CMakeFiles/SUPERGAMEPAD_RP2040.dir/C_/Program_Files/Raspberry_Pi/Pico_SDK_v1.5.1/pico-sdk/src/rp2_common/hardware_timer/timer.c.obj
                0x10008438                time_us_64
 .text.busy_wait_until
                0x10008450       0x28 CMakeFiles/SUPERGAMEPAD_RP2040.dir/C_/Program_Files/Raspberry_Pi/Pico_SDK_v1.5.1/pico-sdk/src/rp2_common/hardware_timer/timer.c.obj
                0x10008450                busy_wait_until
 .text.busy_wait_us
                0x10008478       0x48 CMakeFiles/SUPERGAMEPAD_RP2040.dir/C_/Program_Files/Raspberry_Pi/Pico_SDK_v1.5.1/pico-sdk/src/rp2_common/hardware_timer/timer.c.obj
                0x10008478                busy_wait_us
 .text.hardware_alarm_set_callback
                0x100084c0       0x90 CMakeFiles/SUPERGAMEPAD_RP2040.dir/C_/Program_Files/Raspberry_Pi/Pico_SDK_v1.5.1/pico-sdk/src/rp2_common/hardware_timer/timer.c.obj
                0x100084c0                hardware_alarm_set_callback
 .text.hardware_alarm_set_target
                0x10008550       0xe8 CMakeFiles/SUPERGAMEPAD_RP2040.dir/C_/Program_Files/Raspberry_Pi/Pico_SDK_v1.5.1/pico-sdk/src/rp2_common/hardware_timer/timer.c.obj
                0x10008550                hardware_alarm_set_target
 .text.hardware_alarm_cancel
                0x10008638       0x40 CMakeFiles/SUPERGAMEPAD_RP2040.dir/C_/Program_Files/Raspberry_Pi/Pico_SDK_v1.5.1/pico-sdk/src/rp2_common/hardware_timer/timer.c.obj
                0x10008638                hardware_alarm_cancel
 .text.ph_add_child_node
                0x10008678       0xa4 CMakeFiles/SUPERGAMEPAD_RP2040.dir/C_/Program_Files/Raspberry_Pi/Pico_SDK_v1.5.1/pico-sdk/src/common/pico_util/pheap.c.obj
 .text.ph_merge_nodes
                0x1000871c       0x3e CMakeFiles/SUPERGAMEPAD_RP2040.dir/C_/Program_Files/Raspberry_Pi/Pico_SDK_v1.5.1/pico-sdk/src/common/pico_util/pheap.c.obj
 *fill*         0x1000875a        0x2 
 .text.ph_clear
                0x1000875c       0x70 CMakeFiles/SUPERGAMEPAD_RP2040.dir/C_/Program_Files/Raspberry_Pi/Pico_SDK_v1.5.1/pico-sdk/src/common/pico_util/pheap.c.obj
                0x1000875c                ph_clear
 .text.ph_post_alloc_init
                0x100087cc        0xe CMakeFiles/SUPERGAMEPAD_RP2040.dir/C_/Program_Files/Raspberry_Pi/Pico_SDK_v1.5.1/pico-sdk/src/common/pico_util/pheap.c.obj
                0x100087cc                ph_post_alloc_init
 *fill*         0x100087da        0x2 
 .text.ph_merge_two_pass
                0x100087dc       0xa8 CMakeFiles/SUPERGAMEPAD_RP2040.dir/C_/Program_Files/Raspberry_Pi/Pico_SDK_v1.5.1/pico-sdk/src/common/pico_util/pheap.c.obj
                0x100087dc                ph_merge_two_pass
 .text.ph_remove_any_head
                0x10008884      0x128 CMakeFiles/SUPERGAMEPAD_RP2040.dir/C_/Program_Files/Raspberry_Pi/Pico_SDK_v1.5.1/pico-sdk/src/common/pico_util/pheap.c.obj
 .text.ph_remove_head
                0x100089ac       0x14 CMakeFiles/SUPERGAMEPAD_RP2040.dir/C_/Program_Files/Raspberry_Pi/Pico_SDK_v1.5.1/pico-sdk/src/common/pico_util/pheap.c.obj
                0x100089ac                ph_remove_head
 .text.ph_remove_and_free_node
                0x100089c0       0xf8 CMakeFiles/SUPERGAMEPAD_RP2040.dir/C_/Program_Files/Raspberry_Pi/Pico_SDK_v1.5.1/pico-sdk/src/common/pico_util/pheap.c.obj
                0x100089c0                ph_remove_and_free_node
 .text.uart_disable_before_lcr_write
                0x10008ab8       0x48 CMakeFiles/SUPERGAMEPAD_RP2040.dir/C_/Program_Files/Raspberry_Pi/Pico_SDK_v1.5.1/pico-sdk/src/rp2_common/hardware_uart/uart.c.obj
 .text.uart_write_lcr_bits_masked
                0x10008b00       0x22 CMakeFiles/SUPERGAMEPAD_RP2040.dir/C_/Program_Files/Raspberry_Pi/Pico_SDK_v1.5.1/pico-sdk/src/rp2_common/hardware_uart/uart.c.obj
 *fill*         0x10008b22        0x2 
 .text.uart_set_baudrate
                0x10008b24       0x5c CMakeFiles/SUPERGAMEPAD_RP2040.dir/C_/Program_Files/Raspberry_Pi/Pico_SDK_v1.5.1/pico-sdk/src/rp2_common/hardware_uart/uart.c.obj
                0x10008b24                uart_set_baudrate
 .text.uart_set_format
                0x10008b80       0x2c CMakeFiles/SUPERGAMEPAD_RP2040.dir/C_/Program_Files/Raspberry_Pi/Pico_SDK_v1.5.1/pico-sdk/src/rp2_common/hardware_uart/uart.c.obj
                0x10008b80                uart_set_format
 .text.uart_set_translate_crlf
                0x10008bac       0x28 CMakeFiles/SUPERGAMEPAD_RP2040.dir/C_/Program_Files/Raspberry_Pi/Pico_SDK_v1.5.1/pico-sdk/src/rp2_common/hardware_uart/uart.c.obj
                0x10008bac                uart_set_translate_crlf
 .text.uart_init
                0x10008bd4       0x80 CMakeFiles/SUPERGAMEPAD_RP2040.dir/C_/Program_Files/Raspberry_Pi/Pico_SDK_v1.5.1/pico-sdk/src/rp2_common/hardware_uart/uart.c.obj
                0x10008bd4                uart_init
 .text.clock_configure
                0x10008c54      0x108 CMakeFiles/SUPERGAMEPAD_RP2040.dir/C_/Program_Files/Raspberry_Pi/Pico_SDK_v1.5.1/pico-sdk/src/rp2_common/hardware_clocks/clocks.c.obj
                0x10008c54                clock_configure
 .text.clocks_init
                0x10008d5c      0x100 CMakeFiles/SUPERGAMEPAD_RP2040.dir/C_/Program_Files/Raspberry_Pi/Pico_SDK_v1.5.1/pico-sdk/src/rp2_common/hardware_clocks/clocks.c.obj
                0x10008d5c                clocks_init
 .text.clock_get_hz
                0x10008e5c        0xc CMakeFiles/SUPERGAMEPAD_RP2040.dir/C_/Program_Files/Raspberry_Pi/Pico_SDK_v1.5.1/pico-sdk/src/rp2_common/hardware_clocks/clocks.c.obj
                0x10008e5c                clock_get_hz
 .text.pll_init
                0x10008e68      0x120 CMakeFiles/SUPERGAMEPAD_RP2040.dir/C_/Program_Files/Raspberry_Pi/Pico_SDK_v1.5.1/pico-sdk/src/rp2_common/hardware_pll/pll.c.obj
                0x10008e68                pll_init
 .text.watchdog_start_tick
                0x10008f88       0x10 CMakeFiles/SUPERGAMEPAD_RP2040.dir/C_/Program_Files/Raspberry_Pi/Pico_SDK_v1.5.1/pico-sdk/src/rp2_common/hardware_watchdog/watchdog.c.obj
                0x10008f88                watchdog_start_tick
 .text.watchdog_update
                0x10008f98       0x14 CMakeFiles/SUPERGAMEPAD_RP2040.dir/C_/Program_Files/Raspberry_Pi/Pico_SDK_v1.5.1/pico-sdk/src/rp2_common/hardware_watchdog/watchdog.c.obj
                0x10008f98                watchdog_update
 .text._watchdog_enable
                0x10008fac       0x78 CMakeFiles/SUPERGAMEPAD_RP2040.dir/C_/Program_Files/Raspberry_Pi/Pico_SDK_v1.5.1/pico-sdk/src/rp2_common/hardware_watchdog/watchdog.c.obj
                0x10008fac                _watchdog_enable
 .text.watchdog_enable
                0x10009024       0x18 CMakeFiles/SUPERGAMEPAD_RP2040.dir/C_/Program_Files/Raspberry_Pi/Pico_SDK_v1.5.1/pico-sdk/src/rp2_common/hardware_watchdog/watchdog.c.obj
                0x10009024                watchdog_enable
 .text.watchdog_reboot
                0x1000903c       0x48 CMakeFiles/SUPERGAMEPAD_RP2040.dir/C_/Program_Files/Raspberry_Pi/Pico_SDK_v1.5.1/pico-sdk/src/rp2_common/hardware_watchdog/watchdog.c.obj
                0x1000903c                watchdog_reboot
 .text.xosc_init
                0x10009084       0x2c CMakeFiles/SUPERGAMEPAD_RP2040.dir/C_/Program_Files/Raspberry_Pi/Pico_SDK_v1.5.1/pico-sdk/src/rp2_common/hardware_xosc/xosc.c.obj
                0x10009084                xosc_init
 .text._exit    0x100090b0        0x4 CMakeFiles/SUPERGAMEPAD_RP2040.dir/C_/Program_Files/Raspberry_Pi/Pico_SDK_v1.5.1/pico-sdk/src/rp2_common/pico_runtime/runtime.c.obj
                0x100090b0                _exit
 .text.exit     0x100090b4        0x6 CMakeFiles/SUPERGAMEPAD_RP2040.dir/C_/Program_Files/Raspberry_Pi/Pico_SDK_v1.5.1/pico-sdk/src/rp2_common/pico_runtime/runtime.c.obj
                0x100090b4                exit
 *fill*         0x100090ba        0x2 
 .text.__assert_func
                0x100090bc       0x3c CMakeFiles/SUPERGAMEPAD_RP2040.dir/C_/Program_Files/Raspberry_Pi/Pico_SDK_v1.5.1/pico-sdk/src/rp2_common/pico_runtime/runtime.c.obj
                0x100090bc                __assert_func
 .text.runtime_init
                0x100090f8       0xf8 CMakeFiles/SUPERGAMEPAD_RP2040.dir/C_/Program_Files/Raspberry_Pi/Pico_SDK_v1.5.1/pico-sdk/src/rp2_common/pico_runtime/runtime.c.obj
                0x100090f8                runtime_init
 .text.panic    0x100091f0       0x30 CMakeFiles/SUPERGAMEPAD_RP2040.dir/C_/Program_Files/Raspberry_Pi/Pico_SDK_v1.5.1/pico-sdk/src/rp2_common/pico_runtime/runtime.c.obj
                0x100091f0                panic
 .text._out_null
                0x10009220        0x2 CMakeFiles/SUPERGAMEPAD_RP2040.dir/C_/Program_Files/Raspberry_Pi/Pico_SDK_v1.5.1/pico-sdk/src/rp2_common/pico_printf/printf.c.obj
 .text._out_fct
                0x10009222        0xe CMakeFiles/SUPERGAMEPAD_RP2040.dir/C_/Program_Files/Raspberry_Pi/Pico_SDK_v1.5.1/pico-sdk/src/rp2_common/pico_printf/printf.c.obj
 .text._atoi    0x10009230       0x24 CMakeFiles/SUPERGAMEPAD_RP2040.dir/C_/Program_Files/Raspberry_Pi/Pico_SDK_v1.5.1/pico-sdk/src/rp2_common/pico_printf/printf.c.obj
 .text._out_rev
                0x10009254       0xae CMakeFiles/SUPERGAMEPAD_RP2040.dir/C_/Program_Files/Raspberry_Pi/Pico_SDK_v1.5.1/pico-sdk/src/rp2_common/pico_printf/printf.c.obj
 .text._ntoa_format
                0x10009302      0x112 CMakeFiles/SUPERGAMEPAD_RP2040.dir/C_/Program_Files/Raspberry_Pi/Pico_SDK_v1.5.1/pico-sdk/src/rp2_common/pico_printf/printf.c.obj
 .text._ntoa_long
                0x10009414       0xbc CMakeFiles/SUPERGAMEPAD_RP2040.dir/C_/Program_Files/Raspberry_Pi/Pico_SDK_v1.5.1/pico-sdk/src/rp2_common/pico_printf/printf.c.obj
 .text._ntoa_long_long
                0x100094d0       0xe2 CMakeFiles/SUPERGAMEPAD_RP2040.dir/C_/Program_Files/Raspberry_Pi/Pico_SDK_v1.5.1/pico-sdk/src/rp2_common/pico_printf/printf.c.obj
 *fill*         0x100095b2        0x2 
 .text._etoa    0x100095b4      0x414 CMakeFiles/SUPERGAMEPAD_RP2040.dir/C_/Program_Files/Raspberry_Pi/Pico_SDK_v1.5.1/pico-sdk/src/rp2_common/pico_printf/printf.c.obj
 .text._ftoa    0x100099c8      0x354 CMakeFiles/SUPERGAMEPAD_RP2040.dir/C_/Program_Files/Raspberry_Pi/Pico_SDK_v1.5.1/pico-sdk/src/rp2_common/pico_printf/printf.c.obj
 .text._vsnprintf
                0x10009d1c      0x624 CMakeFiles/SUPERGAMEPAD_RP2040.dir/C_/Program_Files/Raspberry_Pi/Pico_SDK_v1.5.1/pico-sdk/src/rp2_common/pico_printf/printf.c.obj
 .text.vfctprintf
                0x1000a340       0x20 CMakeFiles/SUPERGAMEPAD_RP2040.dir/C_/Program_Files/Raspberry_Pi/Pico_SDK_v1.5.1/pico-sdk/src/rp2_common/pico_printf/printf.c.obj
                0x1000a340                vfctprintf
 .text          0x1000a360       0x10 CMakeFiles/SUPERGAMEPAD_RP2040.dir/C_/Program_Files/Raspberry_Pi/Pico_SDK_v1.5.1/pico-sdk/src/rp2_common/pico_bit_ops/bit_ops_aeabi.S.obj
 .text.rom_func_lookup
                0x1000a370       0x10 CMakeFiles/SUPERGAMEPAD_RP2040.dir/C_/Program_Files/Raspberry_Pi/Pico_SDK_v1.5.1/pico-sdk/src/rp2_common/pico_bootrom/bootrom.c.obj
                0x1000a370                rom_func_lookup
 .text.rom_data_lookup
                0x1000a380       0x10 CMakeFiles/SUPERGAMEPAD_RP2040.dir/C_/Program_Files/Raspberry_Pi/Pico_SDK_v1.5.1/pico-sdk/src/rp2_common/pico_bootrom/bootrom.c.obj
                0x1000a380                rom_data_lookup
 .text.rom_funcs_lookup
                0x1000a390       0x36 CMakeFiles/SUPERGAMEPAD_RP2040.dir/C_/Program_Files/Raspberry_Pi/Pico_SDK_v1.5.1/pico-sdk/src/rp2_common/pico_bootrom/bootrom.c.obj
                0x1000a390                rom_funcs_lookup
 *fill*         0x1000a3c6        0x2 
 .text.__wrap___aeabi_idiv
                0x1000a3c8       0x50 CMakeFiles/SUPERGAMEPAD_RP2040.dir/C_/Program_Files/Raspberry_Pi/Pico_SDK_v1.5.1/pico-sdk/src/rp2_common/pico_divider/divider.S.obj
                0x1000a3c8                __wrap___aeabi_idivmod
                0x1000a3c8                divmod_s32s32
                0x1000a3c8                div_s32s32
                0x1000a3c8                __wrap___aeabi_idiv
                0x1000a3d0                divmod_s32s32_unsafe
                0x1000a3fc                divmod_s32s32_savestate
 .text.__wrap___aeabi_uidiv
                0x1000a418       0x4c CMakeFiles/SUPERGAMEPAD_RP2040.dir/C_/Program_Files/Raspberry_Pi/Pico_SDK_v1.5.1/pico-sdk/src/rp2_common/pico_divider/divider.S.obj
                0x1000a418                __wrap___aeabi_uidiv
                0x1000a418                __wrap___aeabi_uidivmod
                0x1000a418                div_u32u32
                0x1000a418                divmod_u32u32
                0x1000a420                divmod_u32u32_unsafe
                0x1000a448                divmod_u32u32_savestate
 .text.__wrap___aeabi_ldiv
                0x1000a464      0x424 CMakeFiles/SUPERGAMEPAD_RP2040.dir/C_/Program_Files/Raspberry_Pi/Pico_SDK_v1.5.1/pico-sdk/src/rp2_common/pico_divider/divider.S.obj
                0x1000a464                div_s64s64
                0x1000a464                divmod_s64s64
                0x1000a464                __wrap___aeabi_ldivmod
                0x1000a494                divmod_u64u64
                0x1000a494                div_u64u64
                0x1000a494                __wrap___aeabi_uldivmod
                0x1000a4a4                divmod_u64u64_savestate
                0x1000a4c4                divmod_s64s64_unsafe
                0x1000a54c                divmod_u64u64_unsafe
 .text.push_r8_r11
                0x1000a888        0xc CMakeFiles/SUPERGAMEPAD_RP2040.dir/C_/Program_Files/Raspberry_Pi/Pico_SDK_v1.5.1/pico-sdk/src/rp2_common/pico_double/double_aeabi.S.obj
                0x1000a888                push_r8_r11
 .text.pop_r8_r11
                0x1000a894        0xc CMakeFiles/SUPERGAMEPAD_RP2040.dir/C_/Program_Files/Raspberry_Pi/Pico_SDK_v1.5.1/pico-sdk/src/rp2_common/pico_double/double_aeabi.S.obj
                0x1000a894                pop_r8_r11
 .text.__wrap___aeabi_darithmetic
                0x1000a8a0       0x80 CMakeFiles/SUPERGAMEPAD_RP2040.dir/C_/Program_Files/Raspberry_Pi/Pico_SDK_v1.5.1/pico-sdk/src/rp2_common/pico_double/double_aeabi.S.obj
                0x1000a8a0                __wrap___aeabi_drsub
                0x1000a8a6                __wrap___aeabi_dsub
                0x1000a8b8                __wrap___aeabi_dadd
                0x1000a8ca                __wrap___aeabi_ddiv
                0x1000a906                __wrap___aeabi_dmul
 .text.__wrap___aeabi_cdcmple
                0x1000a920       0x6c CMakeFiles/SUPERGAMEPAD_RP2040.dir/C_/Program_Files/Raspberry_Pi/Pico_SDK_v1.5.1/pico-sdk/src/rp2_common/pico_double/double_aeabi.S.obj
                0x1000a920                __wrap___aeabi_cdrcmple
                0x1000a930                __wrap___aeabi_cdcmpeq
                0x1000a930                __wrap___aeabi_cdcmple
 .text.__wrap___aeabi_dcmplt
                0x1000a98c        0xc CMakeFiles/SUPERGAMEPAD_RP2040.dir/C_/Program_Files/Raspberry_Pi/Pico_SDK_v1.5.1/pico-sdk/src/rp2_common/pico_double/double_aeabi.S.obj
                0x1000a98c                __wrap___aeabi_dcmplt
 .text.__wrap___aeabi_dcmple
                0x1000a998       0x10 CMakeFiles/SUPERGAMEPAD_RP2040.dir/C_/Program_Files/Raspberry_Pi/Pico_SDK_v1.5.1/pico-sdk/src/rp2_common/pico_double/double_aeabi.S.obj
                0x1000a998                __wrap___aeabi_dcmple
 .text.__wrap___aeabi_dcmpge
                0x1000a9a8       0x10 CMakeFiles/SUPERGAMEPAD_RP2040.dir/C_/Program_Files/Raspberry_Pi/Pico_SDK_v1.5.1/pico-sdk/src/rp2_common/pico_double/double_aeabi.S.obj
                0x1000a9a8                __wrap___aeabi_dcmpge
 .text.__wrap___aeabi_dcmpgt
                0x1000a9b8        0xa CMakeFiles/SUPERGAMEPAD_RP2040.dir/C_/Program_Files/Raspberry_Pi/Pico_SDK_v1.5.1/pico-sdk/src/rp2_common/pico_double/double_aeabi.S.obj
                0x1000a9b8                __wrap___aeabi_dcmpgt
 .text.__wrap___aeabi_dcmpun
                0x1000a9c2       0x1c CMakeFiles/SUPERGAMEPAD_RP2040.dir/C_/Program_Files/Raspberry_Pi/Pico_SDK_v1.5.1/pico-sdk/src/rp2_common/pico_double/double_aeabi.S.obj
                0x1000a9c2                __wrap___aeabi_dcmpun
 *fill*         0x1000a9de        0x2 
 .text.__wrap___aeabi_i2d
                0x1000a9e0       0x38 CMakeFiles/SUPERGAMEPAD_RP2040.dir/C_/Program_Files/Raspberry_Pi/Pico_SDK_v1.5.1/pico-sdk/src/rp2_common/pico_double/double_aeabi.S.obj
                0x1000a9e0                __wrap___aeabi_ui2d
                0x1000a9e8                __wrap___aeabi_i2d
 .text.__wrap___aeabi_d2iz
                0x1000aa18       0x48 CMakeFiles/SUPERGAMEPAD_RP2040.dir/C_/Program_Files/Raspberry_Pi/Pico_SDK_v1.5.1/pico-sdk/src/rp2_common/pico_double/double_aeabi.S.obj
                0x1000aa18                double2int_z
                0x1000aa18                __wrap___aeabi_d2iz
 .text.__wrap___aeabi_d2uiz
                0x1000aa60       0x18 CMakeFiles/SUPERGAMEPAD_RP2040.dir/C_/Program_Files/Raspberry_Pi/Pico_SDK_v1.5.1/pico-sdk/src/rp2_common/pico_double/double_aeabi.S.obj
                0x1000aa60                __wrap___aeabi_d2uiz
                0x1000aa60                double2uint
 .text.fix642double
                0x1000aa78       0x18 CMakeFiles/SUPERGAMEPAD_RP2040.dir/C_/Program_Files/Raspberry_Pi/Pico_SDK_v1.5.1/pico-sdk/src/rp2_common/pico_double/double_aeabi.S.obj
                0x1000aa78                fix642double
 .text.__wrap___aeabi_d2f
                0x1000aa90       0x18 CMakeFiles/SUPERGAMEPAD_RP2040.dir/C_/Program_Files/Raspberry_Pi/Pico_SDK_v1.5.1/pico-sdk/src/rp2_common/pico_double/double_aeabi.S.obj
                0x1000aa90                __wrap___aeabi_d2f
 .text.__wrap_sincostan_remainder
                0x1000aaa8       0x14 CMakeFiles/SUPERGAMEPAD_RP2040.dir/C_/Program_Files/Raspberry_Pi/Pico_SDK_v1.5.1/pico-sdk/src/rp2_common/pico_double/double_aeabi.S.obj
                0x1000aaa8                sincostan_remainder
 .text.__wrap_cos
                0x1000aabc       0x2c CMakeFiles/SUPERGAMEPAD_RP2040.dir/C_/Program_Files/Raspberry_Pi/Pico_SDK_v1.5.1/pico-sdk/src/rp2_common/pico_double/double_aeabi.S.obj
                0x1000aabc                __wrap_cos
 .text.__wrap_sin
                0x1000aae8       0x2c CMakeFiles/SUPERGAMEPAD_RP2040.dir/C_/Program_Files/Raspberry_Pi/Pico_SDK_v1.5.1/pico-sdk/src/rp2_common/pico_double/double_aeabi.S.obj
                0x1000aae8                __wrap_sin
 .text.__aeabi_double_init
                0x1000ab14       0xc8 CMakeFiles/SUPERGAMEPAD_RP2040.dir/C_/Program_Files/Raspberry_Pi/Pico_SDK_v1.5.1/pico-sdk/src/rp2_common/pico_double/double_init_rom.c.obj
                0x1000ab14                __aeabi_double_init
 .text.drem_0   0x1000abdc      0x130 CMakeFiles/SUPERGAMEPAD_RP2040.dir/C_/Program_Files/Raspberry_Pi/Pico_SDK_v1.5.1/pico-sdk/src/rp2_common/pico_double/double_math.c.obj
 .text.__wrap_fmod
                0x1000ad0c       0xa8 CMakeFiles/SUPERGAMEPAD_RP2040.dir/C_/Program_Files/Raspberry_Pi/Pico_SDK_v1.5.1/pico-sdk/src/rp2_common/pico_double/double_math.c.obj
                0x1000ad0c                __wrap_fmod
 .text.__wrap_remquo
                0x1000adb4      0x17c CMakeFiles/SUPERGAMEPAD_RP2040.dir/C_/Program_Files/Raspberry_Pi/Pico_SDK_v1.5.1/pico-sdk/src/rp2_common/pico_double/double_math.c.obj
                0x1000adb4                __wrap_remquo
 .text.__wrap_remainder
                0x1000af30       0x10 CMakeFiles/SUPERGAMEPAD_RP2040.dir/C_/Program_Files/Raspberry_Pi/Pico_SDK_v1.5.1/pico-sdk/src/rp2_common/pico_double/double_math.c.obj
                0x1000af30                __wrap_remainder
 .text.double_table_shim_on_use_helper
                0x1000af40       0x34 CMakeFiles/SUPERGAMEPAD_RP2040.dir/C_/Program_Files/Raspberry_Pi/Pico_SDK_v1.5.1/pico-sdk/src/rp2_common/pico_double/double_v1_rom_shim.S.obj
                0x1000af40                double_table_shim_on_use_helper
 .text.__wrap___aeabi_dsub
                0x1000af74       0x10 CMakeFiles/SUPERGAMEPAD_RP2040.dir/C_/Program_Files/Raspberry_Pi/Pico_SDK_v1.5.1/pico-sdk/src/rp2_common/pico_double/double_v1_rom_shim.S.obj
                0x1000af74                drsub_shim
                0x1000af7a                dsub_shim
 .text.dadd_shim
                0x1000af84      0x15c CMakeFiles/SUPERGAMEPAD_RP2040.dir/C_/Program_Files/Raspberry_Pi/Pico_SDK_v1.5.1/pico-sdk/src/rp2_common/pico_double/double_v1_rom_shim.S.obj
                0x1000af84                dadd_shim
 .text.dmul_shim
                0x1000b0e0      0x15c CMakeFiles/SUPERGAMEPAD_RP2040.dir/C_/Program_Files/Raspberry_Pi/Pico_SDK_v1.5.1/pico-sdk/src/rp2_common/pico_double/double_v1_rom_shim.S.obj
                0x1000b0e0                dmul_shim
 .text.ddiv_shim
                0x1000b23c      0x1b0 CMakeFiles/SUPERGAMEPAD_RP2040.dir/C_/Program_Files/Raspberry_Pi/Pico_SDK_v1.5.1/pico-sdk/src/rp2_common/pico_double/double_v1_rom_shim.S.obj
                0x1000b23c                ddiv_shim
 .text.dcordic_vec_step
                0x1000b3ec        0xe CMakeFiles/SUPERGAMEPAD_RP2040.dir/C_/Program_Files/Raspberry_Pi/Pico_SDK_v1.5.1/pico-sdk/src/rp2_common/pico_double/double_v1_rom_shim.S.obj
                0x1000b3ec                dcordic_vec_step
 .text.dcordic_rot_step
                0x1000b3fa       0x76 CMakeFiles/SUPERGAMEPAD_RP2040.dir/C_/Program_Files/Raspberry_Pi/Pico_SDK_v1.5.1/pico-sdk/src/rp2_common/pico_double/double_v1_rom_shim.S.obj
                0x1000b3fa                dcordic_rot_step
 .text.double2uint_shim
                0x1000b470        0xe CMakeFiles/SUPERGAMEPAD_RP2040.dir/C_/Program_Files/Raspberry_Pi/Pico_SDK_v1.5.1/pico-sdk/src/rp2_common/pico_double/double_v1_rom_shim.S.obj
                0x1000b470                double2uint_shim
                0x1000b472                double2ufix_shim
 .text.double2int64_shim
                0x1000b47e       0x1a CMakeFiles/SUPERGAMEPAD_RP2040.dir/C_/Program_Files/Raspberry_Pi/Pico_SDK_v1.5.1/pico-sdk/src/rp2_common/pico_double/double_v1_rom_shim.S.obj
                0x1000b47e                double2int64_shim
                0x1000b480                double2fix64_shim
 .text.double2uint64_shim
                0x1000b498       0x70 CMakeFiles/SUPERGAMEPAD_RP2040.dir/C_/Program_Files/Raspberry_Pi/Pico_SDK_v1.5.1/pico-sdk/src/rp2_common/pico_double/double_v1_rom_shim.S.obj
                0x1000b498                double2uint64_shim
                0x1000b49a                double2ufix64_shim
                0x1000b4ba                d2fix_a
 .text.double2float_shim
                0x1000b508       0x5c CMakeFiles/SUPERGAMEPAD_RP2040.dir/C_/Program_Files/Raspberry_Pi/Pico_SDK_v1.5.1/pico-sdk/src/rp2_common/pico_double/double_v1_rom_shim.S.obj
                0x1000b508                double2float_shim
 .text.x2double_shims
                0x1000b564       0x90 CMakeFiles/SUPERGAMEPAD_RP2040.dir/C_/Program_Files/Raspberry_Pi/Pico_SDK_v1.5.1/pico-sdk/src/rp2_common/pico_double/double_v1_rom_shim.S.obj
                0x1000b564                uint2double_shim
                0x1000b566                ufix2double_shim
                0x1000b56c                int2double_shim
                0x1000b56e                fix2double_shim
                0x1000b574                uint642double_shim
                0x1000b576                ufix642double_shim
                0x1000b57c                int642double_shim
                0x1000b57e                fix642double_shim
 .text.dunpacks
                0x1000b5f4       0x3c CMakeFiles/SUPERGAMEPAD_RP2040.dir/C_/Program_Files/Raspberry_Pi/Pico_SDK_v1.5.1/pico-sdk/src/rp2_common/pico_double/double_v1_rom_shim.S.obj
                0x1000b5f4                dunpacks
 .text.dreduce  0x1000b630       0x82 CMakeFiles/SUPERGAMEPAD_RP2040.dir/C_/Program_Files/Raspberry_Pi/Pico_SDK_v1.5.1/pico-sdk/src/rp2_common/pico_double/double_v1_rom_shim.S.obj
                0x1000b630                dreduce
 .text.dcos_shim
                0x1000b6b2       0x10 CMakeFiles/SUPERGAMEPAD_RP2040.dir/C_/Program_Files/Raspberry_Pi/Pico_SDK_v1.5.1/pico-sdk/src/rp2_common/pico_double/double_v1_rom_shim.S.obj
                0x1000b6b2                dcos_shim
 .text.dsin_shim
                0x1000b6c2       0x14 CMakeFiles/SUPERGAMEPAD_RP2040.dir/C_/Program_Files/Raspberry_Pi/Pico_SDK_v1.5.1/pico-sdk/src/rp2_common/pico_double/double_v1_rom_shim.S.obj
                0x1000b6c2                dsin_shim
 *fill*         0x1000b6d6        0x2 
 .text.dtrig_guts
                0x1000b6d8      0x2ec CMakeFiles/SUPERGAMEPAD_RP2040.dir/C_/Program_Files/Raspberry_Pi/Pico_SDK_v1.5.1/pico-sdk/src/rp2_common/pico_double/double_v1_rom_shim.S.obj
                0x1000b7b0                datan2_shim
 .text.__aeabi_lmul
                0x1000b9c4       0x32 CMakeFiles/SUPERGAMEPAD_RP2040.dir/C_/Program_Files/Raspberry_Pi/Pico_SDK_v1.5.1/pico-sdk/src/rp2_common/pico_int64_ops/pico_int64_ops_aeabi.S.obj
                0x1000b9c4                __wrap___aeabi_lmul
 *fill*         0x1000b9f6        0x2 
 .text.__wrap___aeabi_farithmetic
                0x1000b9f8       0x58 CMakeFiles/SUPERGAMEPAD_RP2040.dir/C_/Program_Files/Raspberry_Pi/Pico_SDK_v1.5.1/pico-sdk/src/rp2_common/pico_float/float_aeabi.S.obj
                0x1000b9f8                __wrap___aeabi_frsub
                0x1000b9fe                __wrap___aeabi_fsub
                0x1000ba08                __wrap___aeabi_fadd
                0x1000ba12                __wrap___aeabi_fdiv
                0x1000ba3e                __wrap___aeabi_fmul
 .text.__wrap___aeabi_cfcmple
                0x1000ba50       0x50 CMakeFiles/SUPERGAMEPAD_RP2040.dir/C_/Program_Files/Raspberry_Pi/Pico_SDK_v1.5.1/pico-sdk/src/rp2_common/pico_float/float_aeabi.S.obj
                0x1000ba50                __wrap___aeabi_cfrcmple
                0x1000ba5c                __wrap___aeabi_cfcmple
                0x1000ba5c                __wrap___aeabi_cfcmpeq
 .text.__wrap___aeabi_fcmpeq
                0x1000baa0       0x10 CMakeFiles/SUPERGAMEPAD_RP2040.dir/C_/Program_Files/Raspberry_Pi/Pico_SDK_v1.5.1/pico-sdk/src/rp2_common/pico_float/float_aeabi.S.obj
                0x1000baa0                __wrap___aeabi_fcmpeq
 .text.__wrap___aeabi_fcmplt
                0x1000bab0        0xc CMakeFiles/SUPERGAMEPAD_RP2040.dir/C_/Program_Files/Raspberry_Pi/Pico_SDK_v1.5.1/pico-sdk/src/rp2_common/pico_float/float_aeabi.S.obj
                0x1000bab0                __wrap___aeabi_fcmplt
 .text.__wrap___aeabi_fcmple
                0x1000babc       0x10 CMakeFiles/SUPERGAMEPAD_RP2040.dir/C_/Program_Files/Raspberry_Pi/Pico_SDK_v1.5.1/pico-sdk/src/rp2_common/pico_float/float_aeabi.S.obj
                0x1000babc                __wrap___aeabi_fcmple
 .text.__wrap___aeabi_fcmpge
                0x1000bacc       0x10 CMakeFiles/SUPERGAMEPAD_RP2040.dir/C_/Program_Files/Raspberry_Pi/Pico_SDK_v1.5.1/pico-sdk/src/rp2_common/pico_float/float_aeabi.S.obj
                0x1000bacc                __wrap___aeabi_fcmpge
 .text.__wrap___aeabi_fcmpgt
                0x1000badc        0xa CMakeFiles/SUPERGAMEPAD_RP2040.dir/C_/Program_Files/Raspberry_Pi/Pico_SDK_v1.5.1/pico-sdk/src/rp2_common/pico_float/float_aeabi.S.obj
                0x1000badc                __wrap___aeabi_fcmpgt
 .text.__wrap___aeabi_ui2f
                0x1000bae6        0xa CMakeFiles/SUPERGAMEPAD_RP2040.dir/C_/Program_Files/Raspberry_Pi/Pico_SDK_v1.5.1/pico-sdk/src/rp2_common/pico_float/float_aeabi.S.obj
                0x1000bae6                __wrap___aeabi_ui2f
 .text.__wrap___aeabi_i2f
                0x1000baf0       0x44 CMakeFiles/SUPERGAMEPAD_RP2040.dir/C_/Program_Files/Raspberry_Pi/Pico_SDK_v1.5.1/pico-sdk/src/rp2_common/pico_float/float_aeabi.S.obj
                0x1000baf0                __wrap___aeabi_i2f
 .text.__wrap___aeabi_f2iz
                0x1000bb34       0x4e CMakeFiles/SUPERGAMEPAD_RP2040.dir/C_/Program_Files/Raspberry_Pi/Pico_SDK_v1.5.1/pico-sdk/src/rp2_common/pico_float/float_aeabi.S.obj
                0x1000bb34                float2int_z
                0x1000bb34                __wrap___aeabi_f2iz
 *fill*         0x1000bb82        0x2 
 .text.float2int
                0x1000bb84       0x14 CMakeFiles/SUPERGAMEPAD_RP2040.dir/C_/Program_Files/Raspberry_Pi/Pico_SDK_v1.5.1/pico-sdk/src/rp2_common/pico_float/float_aeabi.S.obj
                0x1000bb84                float2int
 .text.__wrap___aeabi_f2uiz
                0x1000bb98       0x10 CMakeFiles/SUPERGAMEPAD_RP2040.dir/C_/Program_Files/Raspberry_Pi/Pico_SDK_v1.5.1/pico-sdk/src/rp2_common/pico_float/float_aeabi.S.obj
                0x1000bb98                __wrap___aeabi_f2uiz
 .text.__wrap___aeabi_f2d
                0x1000bba8       0x14 CMakeFiles/SUPERGAMEPAD_RP2040.dir/C_/Program_Files/Raspberry_Pi/Pico_SDK_v1.5.1/pico-sdk/src/rp2_common/pico_float/float_aeabi.S.obj
                0x1000bba8                __wrap___aeabi_f2d
 .text.__wrap_sqrtf
                0x1000bbbc       0x24 CMakeFiles/SUPERGAMEPAD_RP2040.dir/C_/Program_Files/Raspberry_Pi/Pico_SDK_v1.5.1/pico-sdk/src/rp2_common/pico_float/float_aeabi.S.obj
                0x1000bbbc                __wrap_sqrtf
 .text.__wrap_atan2f
                0x1000bbe0       0x14 CMakeFiles/SUPERGAMEPAD_RP2040.dir/C_/Program_Files/Raspberry_Pi/Pico_SDK_v1.5.1/pico-sdk/src/rp2_common/pico_float/float_aeabi.S.obj
                0x1000bbe0                __wrap_atan2f
 .text.__aeabi_float_init
                0x1000bbf4       0xfc CMakeFiles/SUPERGAMEPAD_RP2040.dir/C_/Program_Files/Raspberry_Pi/Pico_SDK_v1.5.1/pico-sdk/src/rp2_common/pico_float/float_init_rom.c.obj
                0x1000bbf4                __aeabi_float_init
 .text.__wrap_roundf
                0x1000bcf0       0x3e CMakeFiles/SUPERGAMEPAD_RP2040.dir/C_/Program_Files/Raspberry_Pi/Pico_SDK_v1.5.1/pico-sdk/src/rp2_common/pico_float/float_math.c.obj
                0x1000bcf0                __wrap_roundf
 *fill*         0x1000bd2e        0x2 
 .text.float_table_shim_on_use_helper
                0x1000bd30       0x34 CMakeFiles/SUPERGAMEPAD_RP2040.dir/C_/Program_Files/Raspberry_Pi/Pico_SDK_v1.5.1/pico-sdk/src/rp2_common/pico_float/float_v1_rom_shim.S.obj
                0x1000bd30                float_table_shim_on_use_helper
 .text.fatan2_shim
                0x1000bd64       0x88 CMakeFiles/SUPERGAMEPAD_RP2040.dir/C_/Program_Files/Raspberry_Pi/Pico_SDK_v1.5.1/pico-sdk/src/rp2_common/pico_float/float_v1_rom_shim.S.obj
                0x1000bd64                fatan2_shim
 .text.float232_shims
                0x1000bdec       0x18 CMakeFiles/SUPERGAMEPAD_RP2040.dir/C_/Program_Files/Raspberry_Pi/Pico_SDK_v1.5.1/pico-sdk/src/rp2_common/pico_float/float_v1_rom_shim.S.obj
                0x1000bdec                float2int_shim
                0x1000bdee                float2fix_shim
 .text.float2double_shim
                0x1000be04       0x30 CMakeFiles/SUPERGAMEPAD_RP2040.dir/C_/Program_Files/Raspberry_Pi/Pico_SDK_v1.5.1/pico-sdk/src/rp2_common/pico_float/float_v1_rom_shim.S.obj
                0x1000be04                float2double_shim
 .text          0x1000be34       0x10 CMakeFiles/SUPERGAMEPAD_RP2040.dir/C_/Program_Files/Raspberry_Pi/Pico_SDK_v1.5.1/pico-sdk/src/rp2_common/pico_mem_ops/mem_ops_aeabi.S.obj
                0x1000be34                __aeabi_mem_init
 .text.memset   0x1000be44        0xc CMakeFiles/SUPERGAMEPAD_RP2040.dir/C_/Program_Files/Raspberry_Pi/Pico_SDK_v1.5.1/pico-sdk/src/rp2_common/pico_mem_ops/mem_ops_aeabi.S.obj
                0x1000be44                __wrap_memset
 .text.memcpy   0x1000be50        0xc CMakeFiles/SUPERGAMEPAD_RP2040.dir/C_/Program_Files/Raspberry_Pi/Pico_SDK_v1.5.1/pico-sdk/src/rp2_common/pico_mem_ops/mem_ops_aeabi.S.obj
                0x1000be50                __wrap_memcpy
                0x1000be50                __wrap___aeabi_memcpy
 .text.stdio_out_chars_no_crlf
                0x1000be5c        0xe CMakeFiles/SUPERGAMEPAD_RP2040.dir/C_/Program_Files/Raspberry_Pi/Pico_SDK_v1.5.1/pico-sdk/src/rp2_common/pico_stdio/stdio.c.obj
 *fill*         0x1000be6a        0x2 
 .text.stdio_out_chars_crlf
                0x1000be6c       0x80 CMakeFiles/SUPERGAMEPAD_RP2040.dir/C_/Program_Files/Raspberry_Pi/Pico_SDK_v1.5.1/pico-sdk/src/rp2_common/pico_stdio/stdio.c.obj
 .text.stdio_stack_buffer_flush
                0x1000beec       0x44 CMakeFiles/SUPERGAMEPAD_RP2040.dir/C_/Program_Files/Raspberry_Pi/Pico_SDK_v1.5.1/pico-sdk/src/rp2_common/pico_stdio/stdio.c.obj
 .text.stdio_buffered_printer
                0x1000bf30       0x20 CMakeFiles/SUPERGAMEPAD_RP2040.dir/C_/Program_Files/Raspberry_Pi/Pico_SDK_v1.5.1/pico-sdk/src/rp2_common/pico_stdio/stdio.c.obj
 .text.stdout_serialize_begin